Device: cuda
Sampler — drought samples: 366  normal-only samples: 2889  drought oversample weight: 7.89x
Samples — train: 3255  val: 420  test: 945
Trainable parameters: 705,378
Month encoding: off
Loss: CrossEntropyLoss(label_smoothing=0.0)
Epoch   1  tr_loss=0.6702 tr_f1=0.608  vl_loss=0.7048 vl_f1=0.489 (ema=0.489)
  ✓ best model saved (ema=0.489, val_f1=0.489)
Epoch   2  tr_loss=0.6484 tr_f1=0.624  vl_loss=0.5798 vl_f1=0.506 (ema=0.494)
  ✓ best model saved (ema=0.494, val_f1=0.506)
Epoch   3  tr_loss=0.6246 tr_f1=0.641  vl_loss=0.7270 vl_f1=0.453 (ema=0.482)
Epoch   4  tr_loss=0.6292 tr_f1=0.650  vl_loss=0.7048 vl_f1=0.515 (ema=0.492)
Epoch   5  tr_loss=0.6242 tr_f1=0.665  vl_loss=0.7003 vl_f1=0.494 (ema=0.492)
Epoch   6  tr_loss=0.6139 tr_f1=0.677  vl_loss=0.5087 vl_f1=0.585 (ema=0.520)
  ✓ best model saved (ema=0.520, val_f1=0.585)
Epoch   7  tr_loss=0.6090 tr_f1=0.683  vl_loss=0.7283 vl_f1=0.492 (ema=0.512)
Epoch   8  tr_loss=0.5910 tr_f1=0.695  vl_loss=0.5135 vl_f1=0.539 (ema=0.520)
Epoch   9  tr_loss=0.5854 tr_f1=0.701  vl_loss=0.4726 vl_f1=0.569 (ema=0.535)
  ✓ best model saved (ema=0.535, val_f1=0.569)
Epoch  10  tr_loss=0.5833 tr_f1=0.690  vl_loss=0.7135 vl_f1=0.490 (ema=0.521)
Epoch  11  tr_loss=0.5752 tr_f1=0.699  vl_loss=0.5621 vl_f1=0.473 (ema=0.507)
Epoch  12  tr_loss=0.5838 tr_f1=0.701  vl_loss=0.6556 vl_f1=0.447 (ema=0.489)
Epoch  13  tr_loss=0.5721 tr_f1=0.701  vl_loss=0.5385 vl_f1=0.526 (ema=0.500)
Epoch  14  tr_loss=0.5557 tr_f1=0.722  vl_loss=0.4196 vl_f1=0.533 (ema=0.510)
Epoch  15  tr_loss=0.5707 tr_f1=0.705  vl_loss=0.7608 vl_f1=0.474 (ema=0.499)
Epoch  16  tr_loss=0.5511 tr_f1=0.733  vl_loss=0.4588 vl_f1=0.545 (ema=0.513)
Epoch  17  tr_loss=0.5423 tr_f1=0.726  vl_loss=0.7377 vl_f1=0.477 (ema=0.502)
Epoch  18  tr_loss=0.5518 tr_f1=0.723  vl_loss=0.5140 vl_f1=0.547 (ema=0.515)
Epoch  19  tr_loss=0.5519 tr_f1=0.722  vl_loss=0.4820 vl_f1=0.565 (ema=0.530)
Epoch  20  tr_loss=0.5366 tr_f1=0.732  vl_loss=0.5817 vl_f1=0.526 (ema=0.529)
Epoch  21  tr_loss=0.5434 tr_f1=0.730  vl_loss=0.4849 vl_f1=0.517 (ema=0.525)
Epoch  22  tr_loss=0.5456 tr_f1=0.717  vl_loss=0.3947 vl_f1=0.558 (ema=0.535)
  ✓ best model saved (ema=0.535, val_f1=0.558)
Epoch  23  tr_loss=0.5373 tr_f1=0.729  vl_loss=0.5708 vl_f1=0.532 (ema=0.534)
Epoch  24  tr_loss=0.5453 tr_f1=0.730  vl_loss=0.8202 vl_f1=0.419 (ema=0.500)
Epoch  25  tr_loss=0.5289 tr_f1=0.743  vl_loss=0.8403 vl_f1=0.492 (ema=0.497)
Epoch  26  tr_loss=0.5327 tr_f1=0.736  vl_loss=0.4428 vl_f1=0.564 (ema=0.517)
Epoch  27  tr_loss=0.5157 tr_f1=0.753  vl_loss=1.4853 vl_f1=0.403 (ema=0.483)
Epoch  28  tr_loss=0.5258 tr_f1=0.747  vl_loss=0.4280 vl_f1=0.588 (ema=0.515)
Epoch  29  tr_loss=0.5285 tr_f1=0.736  vl_loss=0.4828 vl_f1=0.578 (ema=0.533)
Epoch  30  tr_loss=0.5320 tr_f1=0.743  vl_loss=0.3472 vl_f1=0.590 (ema=0.550)
  ✓ best model saved (ema=0.550, val_f1=0.590)
Epoch  31  tr_loss=0.5268 tr_f1=0.745  vl_loss=0.8249 vl_f1=0.518 (ema=0.541)
Epoch  32  tr_loss=0.5154 tr_f1=0.746  vl_loss=0.4784 vl_f1=0.591 (ema=0.556)
  ✓ best model saved (ema=0.556, val_f1=0.591)
Epoch  33  tr_loss=0.5163 tr_f1=0.752  vl_loss=0.4173 vl_f1=0.604 (ema=0.570)
  ✓ best model saved (ema=0.570, val_f1=0.604)
Epoch  34  tr_loss=0.4991 tr_f1=0.756  vl_loss=0.3824 vl_f1=0.573 (ema=0.571)
  ✓ best model saved (ema=0.571, val_f1=0.573)
Epoch  35  tr_loss=0.5143 tr_f1=0.743  vl_loss=0.5007 vl_f1=0.559 (ema=0.568)
Epoch  36  tr_loss=0.5232 tr_f1=0.739  vl_loss=0.4152 vl_f1=0.576 (ema=0.570)
Epoch  37  tr_loss=0.5127 tr_f1=0.749  vl_loss=0.6151 vl_f1=0.483 (ema=0.544)
Epoch  38  tr_loss=0.5130 tr_f1=0.738  vl_loss=0.4331 vl_f1=0.604 (ema=0.562)
Epoch  39  tr_loss=0.5137 tr_f1=0.745  vl_loss=0.4907 vl_f1=0.572 (ema=0.565)
Epoch  40  tr_loss=0.4910 tr_f1=0.767  vl_loss=0.5087 vl_f1=0.576 (ema=0.568)
Epoch  41  tr_loss=0.4685 tr_f1=0.784  vl_loss=0.4087 vl_f1=0.612 (ema=0.582)
  ✓ best model saved (ema=0.582, val_f1=0.612)
Epoch  42  tr_loss=0.4776 tr_f1=0.777  vl_loss=0.5102 vl_f1=0.575 (ema=0.579)
Epoch  43  tr_loss=0.4936 tr_f1=0.765  vl_loss=0.4943 vl_f1=0.573 (ema=0.578)
Epoch  44  tr_loss=0.4685 tr_f1=0.778  vl_loss=0.5665 vl_f1=0.526 (ema=0.562)
Epoch  45  tr_loss=0.4706 tr_f1=0.779  vl_loss=0.6083 vl_f1=0.524 (ema=0.551)
Epoch  46  tr_loss=0.4681 tr_f1=0.782  vl_loss=0.4339 vl_f1=0.628 (ema=0.574)
Epoch  47  tr_loss=0.4682 tr_f1=0.793  vl_loss=0.3833 vl_f1=0.468 (ema=0.542)
Epoch  48  tr_loss=0.4823 tr_f1=0.773  vl_loss=0.4777 vl_f1=0.561 (ema=0.548)
Epoch  49  tr_loss=0.4653 tr_f1=0.788  vl_loss=0.5314 vl_f1=0.559 (ema=0.551)
Epoch  50  tr_loss=0.4571 tr_f1=0.798  vl_loss=0.3326 vl_f1=0.652 (ema=0.582)
Epoch  51  tr_loss=0.4372 tr_f1=0.805  vl_loss=0.4099 vl_f1=0.604 (ema=0.588)
  ✓ best model saved (ema=0.588, val_f1=0.604)
Epoch  52  tr_loss=0.4420 tr_f1=0.800  vl_loss=0.3181 vl_f1=0.657 (ema=0.609)
  ✓ best model saved (ema=0.609, val_f1=0.657)
Epoch  53  tr_loss=0.4394 tr_f1=0.806  vl_loss=0.2861 vl_f1=0.602 (ema=0.607)
Epoch  54  tr_loss=0.4560 tr_f1=0.795  vl_loss=0.4762 vl_f1=0.601 (ema=0.605)
Epoch  55  tr_loss=0.4407 tr_f1=0.805  vl_loss=0.4328 vl_f1=0.580 (ema=0.598)
Epoch  56  tr_loss=0.4324 tr_f1=0.811  vl_loss=0.3399 vl_f1=0.611 (ema=0.602)
Epoch  57  tr_loss=0.4574 tr_f1=0.794  vl_loss=0.3239 vl_f1=0.665 (ema=0.621)
  ✓ best model saved (ema=0.621, val_f1=0.665)
Epoch  58  tr_loss=0.4443 tr_f1=0.801  vl_loss=0.3557 vl_f1=0.648 (ema=0.629)
  ✓ best model saved (ema=0.629, val_f1=0.648)
Epoch  59  tr_loss=0.4369 tr_f1=0.811  vl_loss=0.4308 vl_f1=0.609 (ema=0.623)
Epoch  60  tr_loss=0.4411 tr_f1=0.808  vl_loss=0.4949 vl_f1=0.588 (ema=0.612)
Epoch  61  tr_loss=0.4558 tr_f1=0.783  vl_loss=0.4151 vl_f1=0.625 (ema=0.616)
Epoch  62  tr_loss=0.4543 tr_f1=0.792  vl_loss=0.3841 vl_f1=0.606 (ema=0.613)
Epoch  63  tr_loss=0.4247 tr_f1=0.819  vl_loss=0.3773 vl_f1=0.616 (ema=0.614)
Epoch  64  tr_loss=0.4276 tr_f1=0.819  vl_loss=0.5022 vl_f1=0.588 (ema=0.606)
Epoch  65  tr_loss=0.4474 tr_f1=0.806  vl_loss=0.3895 vl_f1=0.633 (ema=0.614)
Epoch  66  tr_loss=0.4201 tr_f1=0.821  vl_loss=0.4132 vl_f1=0.610 (ema=0.613)
Epoch  67  tr_loss=0.4255 tr_f1=0.813  vl_loss=0.4169 vl_f1=0.625 (ema=0.617)
Epoch  68  tr_loss=0.4270 tr_f1=0.822  vl_loss=0.5397 vl_f1=0.557 (ema=0.599)
Epoch  69  tr_loss=0.4320 tr_f1=0.814  vl_loss=0.3427 vl_f1=0.609 (ema=0.602)
Epoch  70  tr_loss=0.4211 tr_f1=0.810  vl_loss=0.3281 vl_f1=0.632 (ema=0.611)
Epoch  71  tr_loss=0.4285 tr_f1=0.811  vl_loss=0.7009 vl_f1=0.492 (ema=0.575)
Epoch  72  tr_loss=0.4176 tr_f1=0.829  vl_loss=0.4685 vl_f1=0.614 (ema=0.587)
Epoch  73  tr_loss=0.4122 tr_f1=0.821  vl_loss=0.4409 vl_f1=0.606 (ema=0.592)
Epoch  74  tr_loss=0.4143 tr_f1=0.829  vl_loss=0.3984 vl_f1=0.621 (ema=0.601)
Epoch  75  tr_loss=0.4131 tr_f1=0.831  vl_loss=0.3486 vl_f1=0.633 (ema=0.611)
Epoch  76  tr_loss=0.4041 tr_f1=0.831  vl_loss=0.3884 vl_f1=0.621 (ema=0.614)
Epoch  77  tr_loss=0.4052 tr_f1=0.828  vl_loss=0.3881 vl_f1=0.625 (ema=0.617)
Epoch  78  tr_loss=0.4075 tr_f1=0.828  vl_loss=0.3700 vl_f1=0.627 (ema=0.620)
Epoch  79  tr_loss=0.4142 tr_f1=0.825  vl_loss=0.3599 vl_f1=0.634 (ema=0.624)
Epoch  80  tr_loss=0.4004 tr_f1=0.828  vl_loss=0.3790 vl_f1=0.656 (ema=0.634)
  ✓ best model saved (ema=0.634, val_f1=0.656)
Epoch  81  tr_loss=0.4171 tr_f1=0.828  vl_loss=0.3916 vl_f1=0.629 (ema=0.632)
Epoch  82  tr_loss=0.4041 tr_f1=0.832  vl_loss=0.4324 vl_f1=0.618 (ema=0.628)
Epoch  83  tr_loss=0.4057 tr_f1=0.828  vl_loss=0.3401 vl_f1=0.627 (ema=0.628)
Epoch  84  tr_loss=0.4008 tr_f1=0.833  vl_loss=0.3973 vl_f1=0.634 (ema=0.629)
Epoch  85  tr_loss=0.4070 tr_f1=0.830  vl_loss=0.4461 vl_f1=0.598 (ema=0.620)
Epoch  86  tr_loss=0.3864 tr_f1=0.845  vl_loss=0.4983 vl_f1=0.586 (ema=0.610)
Epoch  87  tr_loss=0.3826 tr_f1=0.849  vl_loss=0.4486 vl_f1=0.606 (ema=0.609)
Epoch  88  tr_loss=0.3970 tr_f1=0.837  vl_loss=0.4060 vl_f1=0.616 (ema=0.611)
Epoch  89  tr_loss=0.3870 tr_f1=0.846  vl_loss=0.4755 vl_f1=0.588 (ema=0.604)
Epoch  90  tr_loss=0.3992 tr_f1=0.832  vl_loss=0.4548 vl_f1=0.590 (ema=0.600)
Epoch  91  tr_loss=0.4055 tr_f1=0.839  vl_loss=0.4762 vl_f1=0.577 (ema=0.593)
Epoch  92  tr_loss=0.4008 tr_f1=0.835  vl_loss=0.4528 vl_f1=0.597 (ema=0.594)
Epoch  93  tr_loss=0.4005 tr_f1=0.837  vl_loss=0.4218 vl_f1=0.606 (ema=0.598)
Epoch  94  tr_loss=0.3977 tr_f1=0.835  vl_loss=0.4169 vl_f1=0.622 (ema=0.605)
Epoch  95  tr_loss=0.3987 tr_f1=0.835  vl_loss=0.4031 vl_f1=0.647 (ema=0.618)
Epoch  96  tr_loss=0.4017 tr_f1=0.841  vl_loss=0.4555 vl_f1=0.591 (ema=0.610)
Epoch  97  tr_loss=0.3912 tr_f1=0.849  vl_loss=0.4098 vl_f1=0.623 (ema=0.614)
Epoch  98  tr_loss=0.3915 tr_f1=0.848  vl_loss=0.3534 vl_f1=0.650 (ema=0.625)
Epoch  99  tr_loss=0.3962 tr_f1=0.834  vl_loss=0.3987 vl_f1=0.644 (ema=0.630)
Epoch 100  tr_loss=0.3803 tr_f1=0.851  vl_loss=0.4225 vl_f1=0.638 (ema=0.633)
Epoch 101  tr_loss=0.3946 tr_f1=0.839  vl_loss=0.4357 vl_f1=0.634 (ema=0.633)
Epoch 102  tr_loss=0.3940 tr_f1=0.838  vl_loss=0.4269 vl_f1=0.625 (ema=0.630)
Epoch 103  tr_loss=0.4054 tr_f1=0.835  vl_loss=0.4341 vl_f1=0.608 (ema=0.624)
Epoch 104  tr_loss=0.3964 tr_f1=0.837  vl_loss=0.4349 vl_f1=0.610 (ema=0.620)
Epoch 105  tr_loss=0.3792 tr_f1=0.854  vl_loss=0.3839 vl_f1=0.638 (ema=0.625)
Early stopping at epoch 105 (no improvement for 25 epochs)
History saved → /workspace/earthdata-drought-crop-forecast/CNN/model/checkpoints/history.json

=== Test-set evaluation (best checkpoint) ===
              precision    recall  f1-score   support

      normal       0.91      0.84      0.88       809
     drought       0.36      0.53      0.43       136

    accuracy                           0.80       945
   macro avg       0.64      0.69      0.65       945
weighted avg       0.83      0.80      0.81       945

