Device: cuda
Sampler — drought samples: 366  normal-only samples: 2889  raw drought share: 11.24%  drought oversample weight: 4.71x  effective drought share: 37.37%
Samples — train: 3255  val: 420  test: 945
Trainable parameters: 705,442
Month encoding: on
Loss: CrossEntropyLoss(label_smoothing=0.0, class_weights=[0.747 1.253])
Epoch   1  tr_loss=0.6675 tr_f1=0.588  vl_loss=0.5571 vl_f1=0.523 (ema=0.523)
  ✓ best model saved (ema=0.523, val_f1=0.523)
Epoch   2  tr_loss=0.6293 tr_f1=0.640  vl_loss=0.5762 vl_f1=0.516 (ema=0.521)
Epoch   3  tr_loss=0.6182 tr_f1=0.659  vl_loss=0.5215 vl_f1=0.505 (ema=0.516)
Epoch   4  tr_loss=0.6050 tr_f1=0.678  vl_loss=0.5341 vl_f1=0.562 (ema=0.530)
  ✓ best model saved (ema=0.530, val_f1=0.562)
Epoch   5  tr_loss=0.6254 tr_f1=0.648  vl_loss=0.4279 vl_f1=0.581 (ema=0.545)
  ✓ best model saved (ema=0.545, val_f1=0.581)
Epoch   6  tr_loss=0.6060 tr_f1=0.670  vl_loss=0.6776 vl_f1=0.450 (ema=0.517)
Epoch   7  tr_loss=0.6166 tr_f1=0.664  vl_loss=0.5420 vl_f1=0.556 (ema=0.529)
Epoch   8  tr_loss=0.5734 tr_f1=0.691  vl_loss=0.6738 vl_f1=0.498 (ema=0.519)
Epoch   9  tr_loss=0.5864 tr_f1=0.689  vl_loss=0.4848 vl_f1=0.545 (ema=0.527)
Epoch  10  tr_loss=0.5761 tr_f1=0.687  vl_loss=0.8046 vl_f1=0.370 (ema=0.480)
Epoch  11  tr_loss=0.5913 tr_f1=0.677  vl_loss=0.5977 vl_f1=0.508 (ema=0.488)
Epoch  12  tr_loss=0.5909 tr_f1=0.677  vl_loss=0.4932 vl_f1=0.554 (ema=0.508)
Epoch  13  tr_loss=0.5738 tr_f1=0.702  vl_loss=0.6810 vl_f1=0.489 (ema=0.502)
Epoch  14  tr_loss=0.5825 tr_f1=0.681  vl_loss=0.4818 vl_f1=0.574 (ema=0.524)
Epoch  15  tr_loss=0.5459 tr_f1=0.712  vl_loss=0.4578 vl_f1=0.542 (ema=0.529)
Epoch  16  tr_loss=0.5558 tr_f1=0.702  vl_loss=0.4885 vl_f1=0.572 (ema=0.542)
Epoch  17  tr_loss=0.5431 tr_f1=0.707  vl_loss=0.5264 vl_f1=0.523 (ema=0.537)
Epoch  18  tr_loss=0.5403 tr_f1=0.716  vl_loss=0.5150 vl_f1=0.523 (ema=0.532)
Epoch  19  tr_loss=0.5447 tr_f1=0.717  vl_loss=0.5059 vl_f1=0.568 (ema=0.543)
Epoch  20  tr_loss=0.5457 tr_f1=0.713  vl_loss=0.4595 vl_f1=0.574 (ema=0.552)
  ✓ best model saved (ema=0.552, val_f1=0.574)
Epoch  21  tr_loss=0.5412 tr_f1=0.714  vl_loss=0.5426 vl_f1=0.556 (ema=0.553)
  ✓ best model saved (ema=0.553, val_f1=0.556)
Epoch  22  tr_loss=0.5274 tr_f1=0.723  vl_loss=0.6137 vl_f1=0.534 (ema=0.548)
Epoch  23  tr_loss=0.5105 tr_f1=0.732  vl_loss=0.5783 vl_f1=0.524 (ema=0.541)
Epoch  24  tr_loss=0.5189 tr_f1=0.727  vl_loss=0.5822 vl_f1=0.538 (ema=0.540)
Epoch  25  tr_loss=0.5024 tr_f1=0.749  vl_loss=0.4937 vl_f1=0.574 (ema=0.550)
Epoch  26  tr_loss=0.5057 tr_f1=0.741  vl_loss=0.5056 vl_f1=0.564 (ema=0.554)
  ✓ best model saved (ema=0.554, val_f1=0.564)
Epoch  27  tr_loss=0.5065 tr_f1=0.733  vl_loss=0.4836 vl_f1=0.570 (ema=0.559)
  ✓ best model saved (ema=0.559, val_f1=0.570)
Epoch  28  tr_loss=0.4989 tr_f1=0.742  vl_loss=0.5867 vl_f1=0.536 (ema=0.552)
Epoch  29  tr_loss=0.4989 tr_f1=0.745  vl_loss=0.4739 vl_f1=0.561 (ema=0.555)
Epoch  30  tr_loss=0.4990 tr_f1=0.737  vl_loss=0.4586 vl_f1=0.560 (ema=0.556)
Epoch  31  tr_loss=0.5014 tr_f1=0.742  vl_loss=0.4609 vl_f1=0.580 (ema=0.563)
  ✓ best model saved (ema=0.563, val_f1=0.580)
Epoch  32  tr_loss=0.4884 tr_f1=0.750  vl_loss=0.5060 vl_f1=0.553 (ema=0.560)
Epoch  33  tr_loss=0.4752 tr_f1=0.766  vl_loss=0.4821 vl_f1=0.559 (ema=0.560)
Epoch  34  tr_loss=0.4610 tr_f1=0.765  vl_loss=0.5466 vl_f1=0.523 (ema=0.549)
Epoch  35  tr_loss=0.4752 tr_f1=0.753  vl_loss=0.4471 vl_f1=0.587 (ema=0.560)
Epoch  36  tr_loss=0.4792 tr_f1=0.761  vl_loss=0.4316 vl_f1=0.591 (ema=0.570)
  ✓ best model saved (ema=0.570, val_f1=0.591)
Epoch  37  tr_loss=0.4597 tr_f1=0.775  vl_loss=0.4895 vl_f1=0.570 (ema=0.570)
  ✓ best model saved (ema=0.570, val_f1=0.570)
Epoch  38  tr_loss=0.4589 tr_f1=0.775  vl_loss=0.4329 vl_f1=0.577 (ema=0.572)
  ✓ best model saved (ema=0.572, val_f1=0.577)
Epoch  39  tr_loss=0.4661 tr_f1=0.764  vl_loss=0.4604 vl_f1=0.563 (ema=0.569)
Epoch  40  tr_loss=0.4740 tr_f1=0.757  vl_loss=0.5263 vl_f1=0.543 (ema=0.562)
Epoch  41  tr_loss=0.4686 tr_f1=0.774  vl_loss=0.4873 vl_f1=0.575 (ema=0.566)
Epoch  42  tr_loss=0.4556 tr_f1=0.774  vl_loss=0.5889 vl_f1=0.539 (ema=0.558)
Epoch  43  tr_loss=0.4620 tr_f1=0.771  vl_loss=0.5066 vl_f1=0.551 (ema=0.556)
Epoch  44  tr_loss=0.4539 tr_f1=0.765  vl_loss=0.5077 vl_f1=0.576 (ema=0.562)
Epoch  45  tr_loss=0.4753 tr_f1=0.766  vl_loss=0.4636 vl_f1=0.587 (ema=0.569)
Epoch  46  tr_loss=0.4441 tr_f1=0.772  vl_loss=0.4963 vl_f1=0.563 (ema=0.567)
Epoch  47  tr_loss=0.4567 tr_f1=0.781  vl_loss=0.4542 vl_f1=0.594 (ema=0.575)
  ✓ best model saved (ema=0.575, val_f1=0.594)
Epoch  48  tr_loss=0.4607 tr_f1=0.762  vl_loss=0.4922 vl_f1=0.571 (ema=0.574)
Epoch  49  tr_loss=0.4440 tr_f1=0.770  vl_loss=0.4323 vl_f1=0.595 (ema=0.580)
  ✓ best model saved (ema=0.580, val_f1=0.595)
Epoch  50  tr_loss=0.4602 tr_f1=0.767  vl_loss=0.5238 vl_f1=0.553 (ema=0.572)
Epoch  51  tr_loss=0.4316 tr_f1=0.787  vl_loss=0.5107 vl_f1=0.559 (ema=0.568)
Epoch  52  tr_loss=0.4463 tr_f1=0.774  vl_loss=0.4831 vl_f1=0.572 (ema=0.569)
Epoch  53  tr_loss=0.4523 tr_f1=0.781  vl_loss=0.4329 vl_f1=0.593 (ema=0.576)
Epoch  54  tr_loss=0.4352 tr_f1=0.791  vl_loss=0.4931 vl_f1=0.575 (ema=0.576)
Epoch  55  tr_loss=0.4464 tr_f1=0.782  vl_loss=0.5680 vl_f1=0.557 (ema=0.570)
Epoch  56  tr_loss=0.4394 tr_f1=0.786  vl_loss=0.4378 vl_f1=0.612 (ema=0.583)
  ✓ best model saved (ema=0.583, val_f1=0.612)
Epoch  57  tr_loss=0.4456 tr_f1=0.777  vl_loss=0.4404 vl_f1=0.610 (ema=0.591)
  ✓ best model saved (ema=0.591, val_f1=0.610)
Epoch  58  tr_loss=0.4303 tr_f1=0.783  vl_loss=0.4726 vl_f1=0.587 (ema=0.590)
Epoch  59  tr_loss=0.4265 tr_f1=0.789  vl_loss=0.5231 vl_f1=0.564 (ema=0.582)
Epoch  60  tr_loss=0.4241 tr_f1=0.793  vl_loss=0.4644 vl_f1=0.576 (ema=0.580)
Epoch  61  tr_loss=0.4326 tr_f1=0.796  vl_loss=0.4549 vl_f1=0.591 (ema=0.583)
Epoch  62  tr_loss=0.4211 tr_f1=0.798  vl_loss=0.4570 vl_f1=0.591 (ema=0.586)
Epoch  63  tr_loss=0.4293 tr_f1=0.792  vl_loss=0.4874 vl_f1=0.552 (ema=0.576)
Epoch  64  tr_loss=0.4307 tr_f1=0.785  vl_loss=0.4407 vl_f1=0.591 (ema=0.580)
Epoch  65  tr_loss=0.4236 tr_f1=0.793  vl_loss=0.4715 vl_f1=0.576 (ema=0.579)
Epoch  66  tr_loss=0.4131 tr_f1=0.801  vl_loss=0.4977 vl_f1=0.579 (ema=0.579)
Epoch  67  tr_loss=0.4199 tr_f1=0.800  vl_loss=0.4869 vl_f1=0.589 (ema=0.582)
Epoch  68  tr_loss=0.4335 tr_f1=0.788  vl_loss=0.4412 vl_f1=0.583 (ema=0.582)
Epoch  69  tr_loss=0.4287 tr_f1=0.790  vl_loss=0.4691 vl_f1=0.583 (ema=0.583)
Epoch  70  tr_loss=0.4291 tr_f1=0.793  vl_loss=0.4982 vl_f1=0.585 (ema=0.583)
Epoch  71  tr_loss=0.4234 tr_f1=0.788  vl_loss=0.5057 vl_f1=0.585 (ema=0.584)
Epoch  72  tr_loss=0.4188 tr_f1=0.796  vl_loss=0.4491 vl_f1=0.598 (ema=0.588)
Epoch  73  tr_loss=0.4055 tr_f1=0.803  vl_loss=0.4523 vl_f1=0.614 (ema=0.596)
  ✓ best model saved (ema=0.596, val_f1=0.614)
Epoch  74  tr_loss=0.4195 tr_f1=0.793  vl_loss=0.4654 vl_f1=0.591 (ema=0.594)
Epoch  75  tr_loss=0.3966 tr_f1=0.813  vl_loss=0.4507 vl_f1=0.608 (ema=0.599)
  ✓ best model saved (ema=0.599, val_f1=0.608)
Epoch  76  tr_loss=0.4163 tr_f1=0.794  vl_loss=0.4595 vl_f1=0.596 (ema=0.598)
Epoch  77  tr_loss=0.4166 tr_f1=0.803  vl_loss=0.4747 vl_f1=0.585 (ema=0.594)
Epoch  78  tr_loss=0.4357 tr_f1=0.794  vl_loss=0.4705 vl_f1=0.593 (ema=0.594)
Epoch  79  tr_loss=0.4137 tr_f1=0.803  vl_loss=0.4472 vl_f1=0.612 (ema=0.599)
  ✓ best model saved (ema=0.599, val_f1=0.612)
Epoch  80  tr_loss=0.4223 tr_f1=0.801  vl_loss=0.4668 vl_f1=0.594 (ema=0.598)
Epoch  81  tr_loss=0.4195 tr_f1=0.809  vl_loss=0.4593 vl_f1=0.604 (ema=0.600)
  ✓ best model saved (ema=0.600, val_f1=0.604)
Epoch  82  tr_loss=0.4010 tr_f1=0.804  vl_loss=0.4825 vl_f1=0.585 (ema=0.595)
Epoch  83  tr_loss=0.4200 tr_f1=0.799  vl_loss=0.4610 vl_f1=0.579 (ema=0.590)
Epoch  84  tr_loss=0.4077 tr_f1=0.803  vl_loss=0.4794 vl_f1=0.576 (ema=0.586)
Epoch  85  tr_loss=0.4167 tr_f1=0.791  vl_loss=0.4861 vl_f1=0.579 (ema=0.584)
Epoch  86  tr_loss=0.4031 tr_f1=0.806  vl_loss=0.4707 vl_f1=0.583 (ema=0.584)
Epoch  87  tr_loss=0.4083 tr_f1=0.800  vl_loss=0.4726 vl_f1=0.583 (ema=0.584)
Epoch  88  tr_loss=0.4259 tr_f1=0.797  vl_loss=0.4811 vl_f1=0.589 (ema=0.585)
Epoch  89  tr_loss=0.4262 tr_f1=0.788  vl_loss=0.4752 vl_f1=0.604 (ema=0.591)
Epoch  90  tr_loss=0.3937 tr_f1=0.819  vl_loss=0.4732 vl_f1=0.604 (ema=0.595)
Epoch  91  tr_loss=0.3992 tr_f1=0.811  vl_loss=0.4745 vl_f1=0.604 (ema=0.598)
Epoch  92  tr_loss=0.4031 tr_f1=0.816  vl_loss=0.4713 vl_f1=0.600 (ema=0.598)
Epoch  93  tr_loss=0.3953 tr_f1=0.818  vl_loss=0.4672 vl_f1=0.599 (ema=0.598)
Epoch  94  tr_loss=0.4067 tr_f1=0.814  vl_loss=0.4709 vl_f1=0.595 (ema=0.597)
Epoch  95  tr_loss=0.4157 tr_f1=0.795  vl_loss=0.4436 vl_f1=0.592 (ema=0.596)
Epoch  96  tr_loss=0.4051 tr_f1=0.813  vl_loss=0.4747 vl_f1=0.599 (ema=0.597)
Epoch  97  tr_loss=0.4071 tr_f1=0.805  vl_loss=0.4679 vl_f1=0.602 (ema=0.598)
Epoch  98  tr_loss=0.4144 tr_f1=0.800  vl_loss=0.4918 vl_f1=0.596 (ema=0.598)
Epoch  99  tr_loss=0.3959 tr_f1=0.811  vl_loss=0.4454 vl_f1=0.592 (ema=0.596)
Epoch 100  tr_loss=0.4219 tr_f1=0.796  vl_loss=0.4792 vl_f1=0.602 (ema=0.598)
Epoch 101  tr_loss=0.4015 tr_f1=0.810  vl_loss=0.4816 vl_f1=0.602 (ema=0.599)
Epoch 102  tr_loss=0.4012 tr_f1=0.823  vl_loss=0.4724 vl_f1=0.602 (ema=0.600)
  ✓ best model saved (ema=0.600, val_f1=0.602)
Epoch 103  tr_loss=0.4155 tr_f1=0.806  vl_loss=0.4806 vl_f1=0.602 (ema=0.601)
  ✓ best model saved (ema=0.601, val_f1=0.602)
Epoch 104  tr_loss=0.4045 tr_f1=0.809  vl_loss=0.5043 vl_f1=0.584 (ema=0.596)
Epoch 105  tr_loss=0.4054 tr_f1=0.803  vl_loss=0.4940 vl_f1=0.591 (ema=0.594)
Epoch 106  tr_loss=0.4035 tr_f1=0.817  vl_loss=0.4710 vl_f1=0.600 (ema=0.596)
Epoch 107  tr_loss=0.4195 tr_f1=0.803  vl_loss=0.4886 vl_f1=0.598 (ema=0.597)
Epoch 108  tr_loss=0.4027 tr_f1=0.814  vl_loss=0.4784 vl_f1=0.606 (ema=0.600)
Epoch 109  tr_loss=0.3958 tr_f1=0.817  vl_loss=0.4770 vl_f1=0.600 (ema=0.600)
Epoch 110  tr_loss=0.4061 tr_f1=0.812  vl_loss=0.4836 vl_f1=0.592 (ema=0.598)
Epoch 111  tr_loss=0.4101 tr_f1=0.809  vl_loss=0.4484 vl_f1=0.594 (ema=0.596)
Epoch 112  tr_loss=0.4155 tr_f1=0.798  vl_loss=0.4676 vl_f1=0.600 (ema=0.598)
Epoch 113  tr_loss=0.4032 tr_f1=0.802  vl_loss=0.4576 vl_f1=0.597 (ema=0.597)
Epoch 114  tr_loss=0.4153 tr_f1=0.798  vl_loss=0.4849 vl_f1=0.600 (ema=0.598)
Epoch 115  tr_loss=0.4104 tr_f1=0.807  vl_loss=0.4776 vl_f1=0.592 (ema=0.596)
Epoch 116  tr_loss=0.4100 tr_f1=0.809  vl_loss=0.4432 vl_f1=0.590 (ema=0.595)
Epoch 117  tr_loss=0.4108 tr_f1=0.798  vl_loss=0.4813 vl_f1=0.597 (ema=0.595)
Epoch 118  tr_loss=0.4181 tr_f1=0.798  vl_loss=0.4649 vl_f1=0.598 (ema=0.596)
Epoch 119  tr_loss=0.4165 tr_f1=0.813  vl_loss=0.4695 vl_f1=0.597 (ema=0.596)
Epoch 120  tr_loss=0.4000 tr_f1=0.809  vl_loss=0.4695 vl_f1=0.598 (ema=0.597)
Epoch 121  tr_loss=0.3957 tr_f1=0.813  vl_loss=0.4736 vl_f1=0.595 (ema=0.596)
Epoch 122  tr_loss=0.4216 tr_f1=0.797  vl_loss=0.4643 vl_f1=0.596 (ema=0.596)
Epoch 123  tr_loss=0.4149 tr_f1=0.797  vl_loss=0.4835 vl_f1=0.600 (ema=0.597)
Epoch 124  tr_loss=0.4042 tr_f1=0.803  vl_loss=0.4835 vl_f1=0.600 (ema=0.598)
Epoch 125  tr_loss=0.4116 tr_f1=0.810  vl_loss=0.4801 vl_f1=0.595 (ema=0.597)
Epoch 126  tr_loss=0.4201 tr_f1=0.797  vl_loss=0.4595 vl_f1=0.599 (ema=0.598)
Epoch 127  tr_loss=0.4133 tr_f1=0.794  vl_loss=0.4733 vl_f1=0.589 (ema=0.595)
Epoch 128  tr_loss=0.4098 tr_f1=0.803  vl_loss=0.4598 vl_f1=0.604 (ema=0.598)
Early stopping at epoch 128 (no improvement for 25 epochs)
History saved → /workspace/earthdata-drought-crop-forecast/CNN/model/checkpoints/history.json

=== Test-set evaluation (best checkpoint) ===
              precision    recall  f1-score   support

      normal       0.92      0.76      0.83       809
     drought       0.30      0.62      0.41       136

    accuracy                           0.74       945
   macro avg       0.61      0.69      0.62       945
weighted avg       0.83      0.74      0.77       945

