Device: cuda
Sampler — drought samples: 366  normal-only samples: 2889  drought oversample weight: 7.89x
Samples — train: 3255  val: 420  test: 945
Trainable parameters: 705,442
Loss: CrossEntropyLoss(label_smoothing=0.0)
Epoch   1  tr_loss=0.6813 tr_f1=0.591  vl_loss=0.5467 vl_f1=0.534 (ema=0.534)
  ✓ best model saved (ema=0.534, val_f1=0.534)
Epoch   2  tr_loss=0.6313 tr_f1=0.673  vl_loss=0.7548 vl_f1=0.370 (ema=0.485)
Epoch   3  tr_loss=0.6274 tr_f1=0.643  vl_loss=0.4590 vl_f1=0.594 (ema=0.518)
Epoch   4  tr_loss=0.6271 tr_f1=0.674  vl_loss=0.6234 vl_f1=0.477 (ema=0.506)
Epoch   5  tr_loss=0.5930 tr_f1=0.684  vl_loss=0.5869 vl_f1=0.498 (ema=0.503)
Epoch   6  tr_loss=0.6030 tr_f1=0.686  vl_loss=0.4955 vl_f1=0.556 (ema=0.519)
Epoch   7  tr_loss=0.5882 tr_f1=0.694  vl_loss=0.5612 vl_f1=0.510 (ema=0.517)
Epoch   8  tr_loss=0.5728 tr_f1=0.707  vl_loss=0.5073 vl_f1=0.491 (ema=0.509)
Epoch   9  tr_loss=0.5774 tr_f1=0.710  vl_loss=0.4452 vl_f1=0.565 (ema=0.526)
Epoch  10  tr_loss=0.5739 tr_f1=0.693  vl_loss=0.5740 vl_f1=0.535 (ema=0.528)
Epoch  11  tr_loss=0.5721 tr_f1=0.706  vl_loss=0.5087 vl_f1=0.525 (ema=0.527)
Epoch  12  tr_loss=0.5670 tr_f1=0.710  vl_loss=0.4565 vl_f1=0.564 (ema=0.538)
  ✓ best model saved (ema=0.538, val_f1=0.564)
Epoch  13  tr_loss=0.5578 tr_f1=0.721  vl_loss=0.5983 vl_f1=0.502 (ema=0.528)
Epoch  14  tr_loss=0.5438 tr_f1=0.738  vl_loss=0.6094 vl_f1=0.492 (ema=0.517)
Epoch  15  tr_loss=0.5789 tr_f1=0.709  vl_loss=0.7088 vl_f1=0.391 (ema=0.479)
Epoch  16  tr_loss=0.5731 tr_f1=0.718  vl_loss=0.5508 vl_f1=0.491 (ema=0.483)
Epoch  17  tr_loss=0.5546 tr_f1=0.725  vl_loss=0.5393 vl_f1=0.543 (ema=0.501)
Epoch  18  tr_loss=0.5611 tr_f1=0.712  vl_loss=0.4306 vl_f1=0.603 (ema=0.531)
Epoch  19  tr_loss=0.5471 tr_f1=0.735  vl_loss=0.5978 vl_f1=0.499 (ema=0.522)
Epoch  20  tr_loss=0.5456 tr_f1=0.727  vl_loss=0.4861 vl_f1=0.519 (ema=0.521)
Epoch  21  tr_loss=0.5483 tr_f1=0.724  vl_loss=0.5096 vl_f1=0.536 (ema=0.525)
Epoch  22  tr_loss=0.5414 tr_f1=0.737  vl_loss=0.4031 vl_f1=0.556 (ema=0.534)
Epoch  23  tr_loss=0.5557 tr_f1=0.722  vl_loss=0.6051 vl_f1=0.507 (ema=0.526)
Epoch  24  tr_loss=0.5424 tr_f1=0.734  vl_loss=0.4632 vl_f1=0.551 (ema=0.534)
Epoch  25  tr_loss=0.5352 tr_f1=0.728  vl_loss=0.6334 vl_f1=0.515 (ema=0.528)
Epoch  26  tr_loss=0.5348 tr_f1=0.736  vl_loss=0.4219 vl_f1=0.610 (ema=0.553)
  ✓ best model saved (ema=0.553, val_f1=0.610)
Epoch  27  tr_loss=0.5344 tr_f1=0.734  vl_loss=0.6699 vl_f1=0.509 (ema=0.540)
Epoch  28  tr_loss=0.5254 tr_f1=0.736  vl_loss=0.7340 vl_f1=0.483 (ema=0.523)
Epoch  29  tr_loss=0.5387 tr_f1=0.726  vl_loss=0.6360 vl_f1=0.502 (ema=0.516)
Epoch  30  tr_loss=0.5334 tr_f1=0.729  vl_loss=0.4406 vl_f1=0.537 (ema=0.523)
Epoch  31  tr_loss=0.5286 tr_f1=0.735  vl_loss=0.5473 vl_f1=0.564 (ema=0.535)
Epoch  32  tr_loss=0.4951 tr_f1=0.764  vl_loss=0.4161 vl_f1=0.604 (ema=0.556)
  ✓ best model saved (ema=0.556, val_f1=0.604)
Epoch  33  tr_loss=0.4864 tr_f1=0.764  vl_loss=0.6167 vl_f1=0.500 (ema=0.539)
Epoch  34  tr_loss=0.4922 tr_f1=0.759  vl_loss=0.4997 vl_f1=0.528 (ema=0.536)
Epoch  35  tr_loss=0.5066 tr_f1=0.756  vl_loss=0.4754 vl_f1=0.524 (ema=0.532)
Epoch  36  tr_loss=0.4974 tr_f1=0.764  vl_loss=0.4232 vl_f1=0.587 (ema=0.549)
Epoch  37  tr_loss=0.4920 tr_f1=0.765  vl_loss=0.6215 vl_f1=0.505 (ema=0.535)
Epoch  38  tr_loss=0.4945 tr_f1=0.763  vl_loss=0.4037 vl_f1=0.571 (ema=0.546)
Epoch  39  tr_loss=0.4878 tr_f1=0.771  vl_loss=0.4026 vl_f1=0.546 (ema=0.546)
Epoch  40  tr_loss=0.4822 tr_f1=0.763  vl_loss=0.3892 vl_f1=0.592 (ema=0.560)
  ✓ best model saved (ema=0.560, val_f1=0.592)
Epoch  41  tr_loss=0.5016 tr_f1=0.756  vl_loss=0.4886 vl_f1=0.565 (ema=0.561)
  ✓ best model saved (ema=0.561, val_f1=0.565)
Epoch  42  tr_loss=0.4843 tr_f1=0.772  vl_loss=0.4634 vl_f1=0.510 (ema=0.546)
Epoch  43  tr_loss=0.4764 tr_f1=0.765  vl_loss=0.5117 vl_f1=0.561 (ema=0.550)
Epoch  44  tr_loss=0.4775 tr_f1=0.771  vl_loss=0.4819 vl_f1=0.542 (ema=0.548)
Epoch  45  tr_loss=0.4685 tr_f1=0.776  vl_loss=0.4397 vl_f1=0.585 (ema=0.559)
Epoch  46  tr_loss=0.4800 tr_f1=0.777  vl_loss=0.5153 vl_f1=0.535 (ema=0.552)
Epoch  47  tr_loss=0.4765 tr_f1=0.779  vl_loss=0.4987 vl_f1=0.553 (ema=0.552)
Epoch  48  tr_loss=0.4863 tr_f1=0.760  vl_loss=0.6066 vl_f1=0.497 (ema=0.536)
Epoch  49  tr_loss=0.4668 tr_f1=0.789  vl_loss=0.3267 vl_f1=0.611 (ema=0.558)
Epoch  50  tr_loss=0.4634 tr_f1=0.786  vl_loss=0.4538 vl_f1=0.567 (ema=0.561)
Epoch  51  tr_loss=0.4741 tr_f1=0.772  vl_loss=0.4326 vl_f1=0.567 (ema=0.563)
  ✓ best model saved (ema=0.563, val_f1=0.567)
Epoch  52  tr_loss=0.4748 tr_f1=0.767  vl_loss=0.4900 vl_f1=0.536 (ema=0.555)
Epoch  53  tr_loss=0.4904 tr_f1=0.763  vl_loss=0.5400 vl_f1=0.530 (ema=0.547)
Epoch  54  tr_loss=0.4854 tr_f1=0.776  vl_loss=0.4758 vl_f1=0.554 (ema=0.549)
Epoch  55  tr_loss=0.4849 tr_f1=0.773  vl_loss=0.4850 vl_f1=0.555 (ema=0.551)
Epoch  56  tr_loss=0.4836 tr_f1=0.765  vl_loss=0.4881 vl_f1=0.561 (ema=0.554)
Epoch  57  tr_loss=0.4766 tr_f1=0.773  vl_loss=0.3949 vl_f1=0.592 (ema=0.566)
  ✓ best model saved (ema=0.566, val_f1=0.592)
Epoch  58  tr_loss=0.4818 tr_f1=0.773  vl_loss=0.4832 vl_f1=0.566 (ema=0.566)
  ✓ best model saved (ema=0.566, val_f1=0.566)
Epoch  59  tr_loss=0.4577 tr_f1=0.790  vl_loss=0.3800 vl_f1=0.588 (ema=0.572)
  ✓ best model saved (ema=0.572, val_f1=0.588)
Epoch  60  tr_loss=0.4538 tr_f1=0.794  vl_loss=0.4658 vl_f1=0.542 (ema=0.563)
Epoch  61  tr_loss=0.4562 tr_f1=0.791  vl_loss=0.4229 vl_f1=0.594 (ema=0.572)
  ✓ best model saved (ema=0.572, val_f1=0.594)
Epoch  62  tr_loss=0.4416 tr_f1=0.798  vl_loss=0.4133 vl_f1=0.587 (ema=0.577)
  ✓ best model saved (ema=0.577, val_f1=0.587)
Epoch  63  tr_loss=0.4577 tr_f1=0.793  vl_loss=0.4657 vl_f1=0.566 (ema=0.574)
Epoch  64  tr_loss=0.4447 tr_f1=0.804  vl_loss=0.4962 vl_f1=0.537 (ema=0.563)
Epoch  65  tr_loss=0.4352 tr_f1=0.809  vl_loss=0.4264 vl_f1=0.537 (ema=0.555)
Epoch  66  tr_loss=0.4511 tr_f1=0.797  vl_loss=0.3841 vl_f1=0.607 (ema=0.571)
Epoch  67  tr_loss=0.4307 tr_f1=0.806  vl_loss=0.5307 vl_f1=0.541 (ema=0.562)
Epoch  68  tr_loss=0.4340 tr_f1=0.802  vl_loss=0.6929 vl_f1=0.483 (ema=0.538)
Epoch  69  tr_loss=0.4220 tr_f1=0.816  vl_loss=0.4541 vl_f1=0.556 (ema=0.543)
Epoch  70  tr_loss=0.4303 tr_f1=0.810  vl_loss=0.5726 vl_f1=0.530 (ema=0.539)
Epoch  71  tr_loss=0.4319 tr_f1=0.808  vl_loss=0.4356 vl_f1=0.576 (ema=0.550)
Epoch  72  tr_loss=0.4356 tr_f1=0.808  vl_loss=0.3927 vl_f1=0.568 (ema=0.556)
Epoch  73  tr_loss=0.4331 tr_f1=0.802  vl_loss=0.5035 vl_f1=0.543 (ema=0.552)
Epoch  74  tr_loss=0.4255 tr_f1=0.816  vl_loss=0.4992 vl_f1=0.545 (ema=0.550)
Epoch  75  tr_loss=0.4383 tr_f1=0.805  vl_loss=0.4141 vl_f1=0.572 (ema=0.557)
Epoch  76  tr_loss=0.4240 tr_f1=0.812  vl_loss=0.5143 vl_f1=0.562 (ema=0.558)
Epoch  77  tr_loss=0.4016 tr_f1=0.834  vl_loss=0.4400 vl_f1=0.574 (ema=0.563)
Epoch  78  tr_loss=0.4293 tr_f1=0.808  vl_loss=0.4670 vl_f1=0.575 (ema=0.566)
Epoch  79  tr_loss=0.4186 tr_f1=0.816  vl_loss=0.5350 vl_f1=0.549 (ema=0.561)
Epoch  80  tr_loss=0.4052 tr_f1=0.833  vl_loss=0.4823 vl_f1=0.562 (ema=0.562)
Epoch  81  tr_loss=0.4193 tr_f1=0.811  vl_loss=0.4686 vl_f1=0.563 (ema=0.562)
Epoch  82  tr_loss=0.4204 tr_f1=0.821  vl_loss=0.5281 vl_f1=0.536 (ema=0.554)
Epoch  83  tr_loss=0.4118 tr_f1=0.825  vl_loss=0.4921 vl_f1=0.566 (ema=0.558)
Epoch  84  tr_loss=0.4048 tr_f1=0.831  vl_loss=0.4363 vl_f1=0.578 (ema=0.564)
Epoch  85  tr_loss=0.4140 tr_f1=0.824  vl_loss=0.4503 vl_f1=0.574 (ema=0.567)
Epoch  86  tr_loss=0.4028 tr_f1=0.825  vl_loss=0.4927 vl_f1=0.570 (ema=0.568)
Epoch  87  tr_loss=0.4092 tr_f1=0.826  vl_loss=0.4397 vl_f1=0.579 (ema=0.571)
Early stopping at epoch 87 (no improvement for 25 epochs)
History saved → /workspace/earthdata-drought-crop-forecast/CNN/model/checkpoints/history.json

=== Test-set evaluation (best checkpoint) ===
              precision    recall  f1-score   support

      normal       0.92      0.81      0.86       809
     drought       0.34      0.59      0.43       136

    accuracy                           0.78       945
   macro avg       0.63      0.70      0.65       945
weighted avg       0.84      0.78      0.80       945

