Device: cuda
Sampler — drought samples: 366  normal-only samples: 2889  drought oversample weight: 7.89x
Samples — train: 3255  val: 420  test: 945
Trainable parameters: 705,442
Loss: CrossEntropyLoss(label_smoothing=0.0)
Epoch   1  tr_loss=0.6584 tr_f1=0.608  vl_loss=0.7608 vl_f1=0.398 (ema=0.398)
  ✓ best model saved (ema=0.398, val_f1=0.398)
Epoch   2  tr_loss=0.6515 tr_f1=0.628  vl_loss=0.5504 vl_f1=0.581 (ema=0.453)
  ✓ best model saved (ema=0.453, val_f1=0.581)
Epoch   3  tr_loss=0.6101 tr_f1=0.679  vl_loss=0.7189 vl_f1=0.506 (ema=0.469)
  ✓ best model saved (ema=0.469, val_f1=0.506)
Epoch   4  tr_loss=0.6247 tr_f1=0.665  vl_loss=0.5624 vl_f1=0.520 (ema=0.484)
  ✓ best model saved (ema=0.484, val_f1=0.520)
Epoch   5  tr_loss=0.6112 tr_f1=0.677  vl_loss=0.6301 vl_f1=0.532 (ema=0.499)
  ✓ best model saved (ema=0.499, val_f1=0.532)
Epoch   6  tr_loss=0.5962 tr_f1=0.694  vl_loss=0.5501 vl_f1=0.526 (ema=0.507)
  ✓ best model saved (ema=0.507, val_f1=0.526)
Epoch   7  tr_loss=0.6130 tr_f1=0.673  vl_loss=0.8815 vl_f1=0.334 (ema=0.455)
Epoch   8  tr_loss=0.5749 tr_f1=0.710  vl_loss=0.8473 vl_f1=0.440 (ema=0.450)
Epoch   9  tr_loss=0.5901 tr_f1=0.693  vl_loss=0.5948 vl_f1=0.509 (ema=0.468)
Epoch  10  tr_loss=0.5869 tr_f1=0.698  vl_loss=0.4296 vl_f1=0.596 (ema=0.506)
Epoch  11  tr_loss=0.5695 tr_f1=0.720  vl_loss=0.5831 vl_f1=0.546 (ema=0.518)
  ✓ best model saved (ema=0.518, val_f1=0.546)
Epoch  12  tr_loss=0.5660 tr_f1=0.727  vl_loss=0.5685 vl_f1=0.543 (ema=0.526)
  ✓ best model saved (ema=0.526, val_f1=0.543)
Epoch  13  tr_loss=0.5693 tr_f1=0.708  vl_loss=0.5620 vl_f1=0.537 (ema=0.529)
  ✓ best model saved (ema=0.529, val_f1=0.537)
Epoch  14  tr_loss=0.5686 tr_f1=0.711  vl_loss=0.4254 vl_f1=0.576 (ema=0.543)
  ✓ best model saved (ema=0.543, val_f1=0.576)
Epoch  15  tr_loss=0.5547 tr_f1=0.726  vl_loss=0.5568 vl_f1=0.543 (ema=0.543)
Epoch  16  tr_loss=0.5539 tr_f1=0.729  vl_loss=0.5417 vl_f1=0.619 (ema=0.566)
  ✓ best model saved (ema=0.566, val_f1=0.619)
Epoch  17  tr_loss=0.5720 tr_f1=0.705  vl_loss=0.4770 vl_f1=0.572 (ema=0.568)
  ✓ best model saved (ema=0.568, val_f1=0.572)
Epoch  18  tr_loss=0.5522 tr_f1=0.728  vl_loss=0.4379 vl_f1=0.570 (ema=0.569)
  ✓ best model saved (ema=0.569, val_f1=0.570)
Epoch  19  tr_loss=0.5527 tr_f1=0.716  vl_loss=0.6710 vl_f1=0.522 (ema=0.554)
Epoch  20  tr_loss=0.5577 tr_f1=0.725  vl_loss=0.3904 vl_f1=0.618 (ema=0.573)
  ✓ best model saved (ema=0.573, val_f1=0.618)
Epoch  21  tr_loss=0.5450 tr_f1=0.728  vl_loss=0.5556 vl_f1=0.538 (ema=0.563)
Epoch  22  tr_loss=0.5616 tr_f1=0.727  vl_loss=0.4775 vl_f1=0.557 (ema=0.561)
Epoch  23  tr_loss=0.5464 tr_f1=0.725  vl_loss=0.5517 vl_f1=0.522 (ema=0.549)
Epoch  24  tr_loss=0.5525 tr_f1=0.719  vl_loss=0.3946 vl_f1=0.591 (ema=0.562)
Epoch  25  tr_loss=0.5256 tr_f1=0.751  vl_loss=0.7516 vl_f1=0.479 (ema=0.537)
Epoch  26  tr_loss=0.5460 tr_f1=0.734  vl_loss=0.4997 vl_f1=0.553 (ema=0.542)
Epoch  27  tr_loss=0.5526 tr_f1=0.736  vl_loss=0.4897 vl_f1=0.597 (ema=0.558)
Epoch  28  tr_loss=0.5437 tr_f1=0.732  vl_loss=0.8665 vl_f1=0.440 (ema=0.523)
Epoch  29  tr_loss=0.5413 tr_f1=0.736  vl_loss=0.5019 vl_f1=0.585 (ema=0.541)
Epoch  30  tr_loss=0.5138 tr_f1=0.757  vl_loss=0.5647 vl_f1=0.551 (ema=0.544)
Epoch  31  tr_loss=0.5090 tr_f1=0.761  vl_loss=0.7178 vl_f1=0.508 (ema=0.533)
Epoch  32  tr_loss=0.5149 tr_f1=0.751  vl_loss=0.5200 vl_f1=0.557 (ema=0.540)
Epoch  33  tr_loss=0.5078 tr_f1=0.754  vl_loss=0.5345 vl_f1=0.575 (ema=0.551)
Epoch  34  tr_loss=0.5052 tr_f1=0.752  vl_loss=0.4722 vl_f1=0.601 (ema=0.566)
Epoch  35  tr_loss=0.4908 tr_f1=0.771  vl_loss=0.4835 vl_f1=0.540 (ema=0.558)
Epoch  36  tr_loss=0.5033 tr_f1=0.757  vl_loss=0.4329 vl_f1=0.610 (ema=0.574)
  ✓ best model saved (ema=0.574, val_f1=0.610)
Epoch  37  tr_loss=0.4881 tr_f1=0.771  vl_loss=0.4546 vl_f1=0.570 (ema=0.573)
Epoch  38  tr_loss=0.5061 tr_f1=0.755  vl_loss=0.3489 vl_f1=0.615 (ema=0.585)
  ✓ best model saved (ema=0.585, val_f1=0.615)
Epoch  39  tr_loss=0.5012 tr_f1=0.760  vl_loss=0.5785 vl_f1=0.549 (ema=0.574)
Epoch  40  tr_loss=0.5125 tr_f1=0.749  vl_loss=0.6490 vl_f1=0.527 (ema=0.560)
Epoch  41  tr_loss=0.5030 tr_f1=0.762  vl_loss=0.6177 vl_f1=0.529 (ema=0.551)
Epoch  42  tr_loss=0.4794 tr_f1=0.774  vl_loss=0.4826 vl_f1=0.599 (ema=0.565)
Epoch  43  tr_loss=0.4788 tr_f1=0.780  vl_loss=0.4952 vl_f1=0.583 (ema=0.570)
Epoch  44  tr_loss=0.4928 tr_f1=0.757  vl_loss=0.4770 vl_f1=0.589 (ema=0.576)
Epoch  45  tr_loss=0.4993 tr_f1=0.768  vl_loss=0.5269 vl_f1=0.533 (ema=0.563)
Epoch  46  tr_loss=0.4856 tr_f1=0.762  vl_loss=0.4920 vl_f1=0.591 (ema=0.571)
Epoch  47  tr_loss=0.4921 tr_f1=0.768  vl_loss=0.4629 vl_f1=0.567 (ema=0.570)
Epoch  48  tr_loss=0.4673 tr_f1=0.785  vl_loss=0.5402 vl_f1=0.590 (ema=0.576)
Epoch  49  tr_loss=0.4533 tr_f1=0.798  vl_loss=0.4341 vl_f1=0.598 (ema=0.583)
Epoch  50  tr_loss=0.4685 tr_f1=0.781  vl_loss=0.3740 vl_f1=0.659 (ema=0.606)
  ✓ best model saved (ema=0.606, val_f1=0.659)
Epoch  51  tr_loss=0.4485 tr_f1=0.795  vl_loss=0.4716 vl_f1=0.588 (ema=0.600)
Epoch  52  tr_loss=0.4659 tr_f1=0.782  vl_loss=0.4575 vl_f1=0.593 (ema=0.598)
Epoch  53  tr_loss=0.4630 tr_f1=0.789  vl_loss=0.5881 vl_f1=0.550 (ema=0.584)
Epoch  54  tr_loss=0.4642 tr_f1=0.793  vl_loss=0.5086 vl_f1=0.577 (ema=0.582)
Epoch  55  tr_loss=0.4623 tr_f1=0.785  vl_loss=0.4355 vl_f1=0.632 (ema=0.597)
Epoch  56  tr_loss=0.4589 tr_f1=0.795  vl_loss=0.4068 vl_f1=0.631 (ema=0.607)
  ✓ best model saved (ema=0.607, val_f1=0.631)
Epoch  57  tr_loss=0.4273 tr_f1=0.811  vl_loss=0.5737 vl_f1=0.574 (ema=0.597)
Epoch  58  tr_loss=0.4327 tr_f1=0.806  vl_loss=0.3332 vl_f1=0.624 (ema=0.605)
Epoch  59  tr_loss=0.4397 tr_f1=0.807  vl_loss=0.4943 vl_f1=0.595 (ema=0.602)
Epoch  60  tr_loss=0.4243 tr_f1=0.818  vl_loss=0.5754 vl_f1=0.567 (ema=0.592)
Epoch  61  tr_loss=0.4370 tr_f1=0.808  vl_loss=0.4385 vl_f1=0.609 (ema=0.597)
Epoch  62  tr_loss=0.4191 tr_f1=0.820  vl_loss=0.3880 vl_f1=0.619 (ema=0.603)
Epoch  63  tr_loss=0.4412 tr_f1=0.808  vl_loss=0.4288 vl_f1=0.619 (ema=0.608)
  ✓ best model saved (ema=0.608, val_f1=0.619)
Epoch  64  tr_loss=0.4349 tr_f1=0.813  vl_loss=0.4277 vl_f1=0.632 (ema=0.615)
  ✓ best model saved (ema=0.615, val_f1=0.632)
Epoch  65  tr_loss=0.4268 tr_f1=0.821  vl_loss=0.5207 vl_f1=0.568 (ema=0.601)
Epoch  66  tr_loss=0.4271 tr_f1=0.818  vl_loss=0.7671 vl_f1=0.505 (ema=0.572)
Epoch  67  tr_loss=0.4278 tr_f1=0.814  vl_loss=0.3809 vl_f1=0.605 (ema=0.582)
Epoch  68  tr_loss=0.4142 tr_f1=0.824  vl_loss=0.4233 vl_f1=0.655 (ema=0.604)
Epoch  69  tr_loss=0.4201 tr_f1=0.823  vl_loss=0.5484 vl_f1=0.570 (ema=0.594)
Epoch  70  tr_loss=0.4153 tr_f1=0.824  vl_loss=0.5155 vl_f1=0.605 (ema=0.597)
Epoch  71  tr_loss=0.4170 tr_f1=0.829  vl_loss=0.5046 vl_f1=0.591 (ema=0.595)
Epoch  72  tr_loss=0.4182 tr_f1=0.816  vl_loss=0.4428 vl_f1=0.599 (ema=0.596)
Epoch  73  tr_loss=0.4077 tr_f1=0.830  vl_loss=0.3808 vl_f1=0.603 (ema=0.598)
Epoch  74  tr_loss=0.4185 tr_f1=0.819  vl_loss=0.4851 vl_f1=0.596 (ema=0.598)
Epoch  75  tr_loss=0.4085 tr_f1=0.832  vl_loss=0.4611 vl_f1=0.596 (ema=0.597)
Epoch  76  tr_loss=0.4100 tr_f1=0.828  vl_loss=0.4091 vl_f1=0.625 (ema=0.606)
Epoch  77  tr_loss=0.4080 tr_f1=0.829  vl_loss=0.4650 vl_f1=0.605 (ema=0.606)
Epoch  78  tr_loss=0.3962 tr_f1=0.836  vl_loss=0.4654 vl_f1=0.609 (ema=0.606)
Epoch  79  tr_loss=0.4076 tr_f1=0.837  vl_loss=0.4167 vl_f1=0.616 (ema=0.609)
Epoch  80  tr_loss=0.4041 tr_f1=0.834  vl_loss=0.4183 vl_f1=0.647 (ema=0.620)
  ✓ best model saved (ema=0.620, val_f1=0.647)
Epoch  81  tr_loss=0.4045 tr_f1=0.828  vl_loss=0.3741 vl_f1=0.631 (ema=0.624)
  ✓ best model saved (ema=0.624, val_f1=0.631)
Epoch  82  tr_loss=0.3976 tr_f1=0.833  vl_loss=0.4777 vl_f1=0.634 (ema=0.627)
  ✓ best model saved (ema=0.627, val_f1=0.634)
Epoch  83  tr_loss=0.3976 tr_f1=0.844  vl_loss=0.4561 vl_f1=0.608 (ema=0.621)
Epoch  84  tr_loss=0.4089 tr_f1=0.828  vl_loss=0.4567 vl_f1=0.602 (ema=0.615)
Epoch  85  tr_loss=0.3995 tr_f1=0.831  vl_loss=0.4290 vl_f1=0.629 (ema=0.620)
Epoch  86  tr_loss=0.3851 tr_f1=0.847  vl_loss=0.4911 vl_f1=0.614 (ema=0.618)
Epoch  87  tr_loss=0.3886 tr_f1=0.839  vl_loss=0.4397 vl_f1=0.624 (ema=0.620)
Epoch  88  tr_loss=0.4032 tr_f1=0.835  vl_loss=0.4564 vl_f1=0.604 (ema=0.615)
Epoch  89  tr_loss=0.4077 tr_f1=0.829  vl_loss=0.4220 vl_f1=0.623 (ema=0.617)
Epoch  90  tr_loss=0.3992 tr_f1=0.835  vl_loss=0.4369 vl_f1=0.612 (ema=0.616)
Epoch  91  tr_loss=0.3950 tr_f1=0.838  vl_loss=0.4106 vl_f1=0.623 (ema=0.618)
Epoch  92  tr_loss=0.4011 tr_f1=0.843  vl_loss=0.4098 vl_f1=0.629 (ema=0.621)
Epoch  93  tr_loss=0.3919 tr_f1=0.842  vl_loss=0.4773 vl_f1=0.605 (ema=0.617)
Epoch  94  tr_loss=0.3978 tr_f1=0.838  vl_loss=0.4419 vl_f1=0.622 (ema=0.618)
Epoch  95  tr_loss=0.3811 tr_f1=0.854  vl_loss=0.4417 vl_f1=0.626 (ema=0.620)
Epoch  96  tr_loss=0.3922 tr_f1=0.839  vl_loss=0.4160 vl_f1=0.642 (ema=0.627)
  ✓ best model saved (ema=0.627, val_f1=0.642)
Epoch  97  tr_loss=0.3955 tr_f1=0.845  vl_loss=0.4239 vl_f1=0.635 (ema=0.629)
  ✓ best model saved (ema=0.629, val_f1=0.635)
Epoch  98  tr_loss=0.3904 tr_f1=0.843  vl_loss=0.4614 vl_f1=0.616 (ema=0.625)
Epoch  99  tr_loss=0.3852 tr_f1=0.848  vl_loss=0.4210 vl_f1=0.617 (ema=0.623)
Epoch 100  tr_loss=0.3979 tr_f1=0.840  vl_loss=0.4220 vl_f1=0.625 (ema=0.623)
Epoch 101  tr_loss=0.3892 tr_f1=0.845  vl_loss=0.4813 vl_f1=0.597 (ema=0.616)
Epoch 102  tr_loss=0.3857 tr_f1=0.842  vl_loss=0.4507 vl_f1=0.631 (ema=0.620)
Epoch 103  tr_loss=0.3824 tr_f1=0.844  vl_loss=0.4667 vl_f1=0.600 (ema=0.614)
Epoch 104  tr_loss=0.3881 tr_f1=0.850  vl_loss=0.4595 vl_f1=0.606 (ema=0.612)
Epoch 105  tr_loss=0.3802 tr_f1=0.857  vl_loss=0.4644 vl_f1=0.612 (ema=0.612)
Epoch 106  tr_loss=0.3828 tr_f1=0.850  vl_loss=0.4080 vl_f1=0.605 (ema=0.610)
Epoch 107  tr_loss=0.3962 tr_f1=0.843  vl_loss=0.4452 vl_f1=0.616 (ema=0.612)
Epoch 108  tr_loss=0.3966 tr_f1=0.833  vl_loss=0.4454 vl_f1=0.618 (ema=0.614)
Epoch 109  tr_loss=0.3843 tr_f1=0.848  vl_loss=0.4349 vl_f1=0.625 (ema=0.617)
Epoch 110  tr_loss=0.3893 tr_f1=0.843  vl_loss=0.4567 vl_f1=0.608 (ema=0.614)
Epoch 111  tr_loss=0.3942 tr_f1=0.834  vl_loss=0.4408 vl_f1=0.614 (ema=0.614)
Epoch 112  tr_loss=0.3808 tr_f1=0.852  vl_loss=0.4513 vl_f1=0.610 (ema=0.613)
Epoch 113  tr_loss=0.3856 tr_f1=0.851  vl_loss=0.4205 vl_f1=0.631 (ema=0.619)
Epoch 114  tr_loss=0.3982 tr_f1=0.838  vl_loss=0.4219 vl_f1=0.631 (ema=0.623)
Epoch 115  tr_loss=0.3870 tr_f1=0.848  vl_loss=0.4402 vl_f1=0.633 (ema=0.626)
Epoch 116  tr_loss=0.3755 tr_f1=0.853  vl_loss=0.4392 vl_f1=0.625 (ema=0.625)
Epoch 117  tr_loss=0.3748 tr_f1=0.858  vl_loss=0.4180 vl_f1=0.619 (ema=0.623)
Epoch 118  tr_loss=0.3801 tr_f1=0.853  vl_loss=0.4153 vl_f1=0.646 (ema=0.630)
  ✓ best model saved (ema=0.630, val_f1=0.646)
Epoch 119  tr_loss=0.3902 tr_f1=0.841  vl_loss=0.4254 vl_f1=0.629 (ema=0.630)
Epoch 120  tr_loss=0.3943 tr_f1=0.844  vl_loss=0.4381 vl_f1=0.629 (ema=0.630)
Epoch 121  tr_loss=0.3770 tr_f1=0.852  vl_loss=0.4371 vl_f1=0.604 (ema=0.622)
Epoch 122  tr_loss=0.3817 tr_f1=0.856  vl_loss=0.4350 vl_f1=0.608 (ema=0.618)
Epoch 123  tr_loss=0.3749 tr_f1=0.855  vl_loss=0.4404 vl_f1=0.627 (ema=0.620)
Epoch 124  tr_loss=0.3861 tr_f1=0.852  vl_loss=0.4632 vl_f1=0.606 (ema=0.616)
Epoch 125  tr_loss=0.3807 tr_f1=0.855  vl_loss=0.4471 vl_f1=0.621 (ema=0.618)
Epoch 126  tr_loss=0.3887 tr_f1=0.848  vl_loss=0.4297 vl_f1=0.621 (ema=0.618)
Epoch 127  tr_loss=0.3915 tr_f1=0.847  vl_loss=0.4365 vl_f1=0.614 (ema=0.617)
Epoch 128  tr_loss=0.3936 tr_f1=0.844  vl_loss=0.4130 vl_f1=0.634 (ema=0.622)
Epoch 129  tr_loss=0.3833 tr_f1=0.854  vl_loss=0.4274 vl_f1=0.644 (ema=0.629)
Epoch 130  tr_loss=0.3808 tr_f1=0.854  vl_loss=0.3926 vl_f1=0.631 (ema=0.630)
Epoch 131  tr_loss=0.3823 tr_f1=0.855  vl_loss=0.4227 vl_f1=0.623 (ema=0.628)
Epoch 132  tr_loss=0.3905 tr_f1=0.846  vl_loss=0.4591 vl_f1=0.599 (ema=0.619)
Epoch 133  tr_loss=0.3857 tr_f1=0.856  vl_loss=0.4540 vl_f1=0.610 (ema=0.616)
Epoch 134  tr_loss=0.3805 tr_f1=0.851  vl_loss=0.4234 vl_f1=0.634 (ema=0.621)
Epoch 135  tr_loss=0.3820 tr_f1=0.849  vl_loss=0.4172 vl_f1=0.618 (ema=0.621)
Epoch 136  tr_loss=0.3831 tr_f1=0.845  vl_loss=0.4464 vl_f1=0.620 (ema=0.621)
Epoch 137  tr_loss=0.3829 tr_f1=0.842  vl_loss=0.4654 vl_f1=0.620 (ema=0.620)
Epoch 138  tr_loss=0.3719 tr_f1=0.856  vl_loss=0.4577 vl_f1=0.618 (ema=0.620)
Epoch 139  tr_loss=0.3919 tr_f1=0.837  vl_loss=0.4276 vl_f1=0.629 (ema=0.623)
Epoch 140  tr_loss=0.3938 tr_f1=0.844  vl_loss=0.4117 vl_f1=0.647 (ema=0.630)
Epoch 141  tr_loss=0.3819 tr_f1=0.850  vl_loss=0.4247 vl_f1=0.621 (ema=0.627)
Epoch 142  tr_loss=0.3686 tr_f1=0.861  vl_loss=0.4398 vl_f1=0.625 (ema=0.626)
Epoch 143  tr_loss=0.3850 tr_f1=0.849  vl_loss=0.4596 vl_f1=0.606 (ema=0.620)
Early stopping at epoch 143 (no improvement for 25 epochs)
History saved → /workspace/earthdata-drought-crop-forecast/CNN/model/checkpoints/history.json

=== Test-set evaluation (best checkpoint) ===
              precision    recall  f1-score   support

      normal       0.92      0.82      0.87       809
     drought       0.35      0.56      0.43       136

    accuracy                           0.79       945
   macro avg       0.63      0.69      0.65       945
weighted avg       0.84      0.79      0.81       945

