Device: cuda
Sampler — drought samples: 366  normal-only samples: 2889  drought oversample weight: 7.89x
Samples — train: 3255  val: 420  test: 945
Trainable parameters: 2,813,762
Month encoding: on
Loss: CrossEntropyLoss(label_smoothing=0.0)
Epoch   1  tr_loss=0.6729 tr_f1=0.598  vl_loss=0.5932 vl_f1=0.518 (ema=0.518)
  ✓ best model saved (ema=0.518, val_f1=0.518)
Epoch   2  tr_loss=0.6447 tr_f1=0.644  vl_loss=0.6286 vl_f1=0.478 (ema=0.506)
Epoch   3  tr_loss=0.6438 tr_f1=0.645  vl_loss=0.5979 vl_f1=0.534 (ema=0.514)
Epoch   4  tr_loss=0.6299 tr_f1=0.653  vl_loss=0.4266 vl_f1=0.607 (ema=0.542)
  ✓ best model saved (ema=0.542, val_f1=0.607)
Epoch   5  tr_loss=0.6116 tr_f1=0.677  vl_loss=0.6175 vl_f1=0.502 (ema=0.530)
Epoch   6  tr_loss=0.5962 tr_f1=0.689  vl_loss=0.5342 vl_f1=0.492 (ema=0.519)
Epoch   7  tr_loss=0.5922 tr_f1=0.703  vl_loss=0.5801 vl_f1=0.566 (ema=0.533)
Epoch   8  tr_loss=0.5847 tr_f1=0.693  vl_loss=0.7653 vl_f1=0.469 (ema=0.514)
Epoch   9  tr_loss=0.5913 tr_f1=0.687  vl_loss=0.8625 vl_f1=0.444 (ema=0.493)
Epoch  10  tr_loss=0.5684 tr_f1=0.713  vl_loss=0.5002 vl_f1=0.548 (ema=0.509)
Epoch  11  tr_loss=0.5735 tr_f1=0.700  vl_loss=0.7284 vl_f1=0.464 (ema=0.496)
Epoch  12  tr_loss=0.5710 tr_f1=0.714  vl_loss=0.5548 vl_f1=0.542 (ema=0.510)
Epoch  13  tr_loss=0.5804 tr_f1=0.701  vl_loss=0.9830 vl_f1=0.423 (ema=0.484)
Epoch  14  tr_loss=0.5350 tr_f1=0.732  vl_loss=0.5872 vl_f1=0.480 (ema=0.482)
Epoch  15  tr_loss=0.5445 tr_f1=0.731  vl_loss=0.9063 vl_f1=0.429 (ema=0.466)
Epoch  16  tr_loss=0.5439 tr_f1=0.725  vl_loss=0.5621 vl_f1=0.537 (ema=0.488)
Epoch  17  tr_loss=0.5324 tr_f1=0.735  vl_loss=0.5165 vl_f1=0.527 (ema=0.500)
Epoch  18  tr_loss=0.5150 tr_f1=0.745  vl_loss=0.4311 vl_f1=0.548 (ema=0.514)
Epoch  19  tr_loss=0.5219 tr_f1=0.735  vl_loss=0.4841 vl_f1=0.583 (ema=0.535)
Epoch  20  tr_loss=0.5230 tr_f1=0.738  vl_loss=0.3508 vl_f1=0.595 (ema=0.553)
  ✓ best model saved (ema=0.553, val_f1=0.595)
Epoch  21  tr_loss=0.5278 tr_f1=0.733  vl_loss=0.5205 vl_f1=0.565 (ema=0.557)
  ✓ best model saved (ema=0.557, val_f1=0.565)
Epoch  22  tr_loss=0.5122 tr_f1=0.739  vl_loss=0.9801 vl_f1=0.463 (ema=0.528)
Epoch  23  tr_loss=0.5205 tr_f1=0.739  vl_loss=0.4531 vl_f1=0.615 (ema=0.554)
Epoch  24  tr_loss=0.5060 tr_f1=0.754  vl_loss=0.3801 vl_f1=0.488 (ema=0.534)
Epoch  25  tr_loss=0.5108 tr_f1=0.743  vl_loss=0.4247 vl_f1=0.655 (ema=0.571)
  ✓ best model saved (ema=0.571, val_f1=0.655)
Epoch  26  tr_loss=0.5120 tr_f1=0.747  vl_loss=0.7189 vl_f1=0.545 (ema=0.563)
Epoch  27  tr_loss=0.5085 tr_f1=0.749  vl_loss=0.4506 vl_f1=0.615 (ema=0.578)
  ✓ best model saved (ema=0.578, val_f1=0.615)
Epoch  28  tr_loss=0.5251 tr_f1=0.732  vl_loss=0.6627 vl_f1=0.557 (ema=0.572)
Epoch  29  tr_loss=0.5193 tr_f1=0.744  vl_loss=0.4328 vl_f1=0.604 (ema=0.582)
  ✓ best model saved (ema=0.582, val_f1=0.604)
Epoch  30  tr_loss=0.4932 tr_f1=0.754  vl_loss=0.3858 vl_f1=0.574 (ema=0.579)
Epoch  31  tr_loss=0.4722 tr_f1=0.770  vl_loss=0.3351 vl_f1=0.583 (ema=0.580)
Epoch  32  tr_loss=0.4781 tr_f1=0.762  vl_loss=0.3982 vl_f1=0.618 (ema=0.592)
  ✓ best model saved (ema=0.592, val_f1=0.618)
Epoch  33  tr_loss=0.4744 tr_f1=0.768  vl_loss=0.3908 vl_f1=0.616 (ema=0.599)
  ✓ best model saved (ema=0.599, val_f1=0.616)
Epoch  34  tr_loss=0.4695 tr_f1=0.764  vl_loss=0.5715 vl_f1=0.551 (ema=0.585)
Epoch  35  tr_loss=0.4729 tr_f1=0.766  vl_loss=0.4518 vl_f1=0.590 (ema=0.586)
Epoch  36  tr_loss=0.4455 tr_f1=0.778  vl_loss=0.5158 vl_f1=0.578 (ema=0.584)
Epoch  37  tr_loss=0.4791 tr_f1=0.770  vl_loss=0.6358 vl_f1=0.516 (ema=0.563)
Epoch  38  tr_loss=0.4804 tr_f1=0.759  vl_loss=0.4305 vl_f1=0.634 (ema=0.585)
Epoch  39  tr_loss=0.4580 tr_f1=0.777  vl_loss=0.3453 vl_f1=0.588 (ema=0.586)
Epoch  40  tr_loss=0.4652 tr_f1=0.773  vl_loss=0.3631 vl_f1=0.600 (ema=0.590)
Epoch  41  tr_loss=0.4444 tr_f1=0.789  vl_loss=0.3882 vl_f1=0.593 (ema=0.591)
Epoch  42  tr_loss=0.4220 tr_f1=0.799  vl_loss=0.4054 vl_f1=0.631 (ema=0.603)
  ✓ best model saved (ema=0.603, val_f1=0.631)
Epoch  43  tr_loss=0.4202 tr_f1=0.803  vl_loss=0.4675 vl_f1=0.563 (ema=0.591)
Epoch  44  tr_loss=0.4188 tr_f1=0.803  vl_loss=0.4668 vl_f1=0.596 (ema=0.592)
Epoch  45  tr_loss=0.4211 tr_f1=0.805  vl_loss=0.3651 vl_f1=0.657 (ema=0.612)
  ✓ best model saved (ema=0.612, val_f1=0.657)
Epoch  46  tr_loss=0.4228 tr_f1=0.800  vl_loss=0.8283 vl_f1=0.514 (ema=0.583)
Epoch  47  tr_loss=0.4257 tr_f1=0.801  vl_loss=0.3645 vl_f1=0.632 (ema=0.597)
Epoch  48  tr_loss=0.4069 tr_f1=0.812  vl_loss=0.6444 vl_f1=0.536 (ema=0.579)
Epoch  49  tr_loss=0.4164 tr_f1=0.809  vl_loss=0.3574 vl_f1=0.597 (ema=0.585)
Epoch  50  tr_loss=0.3868 tr_f1=0.827  vl_loss=0.5696 vl_f1=0.533 (ema=0.569)
Epoch  51  tr_loss=0.4112 tr_f1=0.807  vl_loss=0.4755 vl_f1=0.591 (ema=0.575)
Epoch  52  tr_loss=0.4066 tr_f1=0.809  vl_loss=0.5268 vl_f1=0.561 (ema=0.571)
Epoch  53  tr_loss=0.4025 tr_f1=0.810  vl_loss=0.4551 vl_f1=0.576 (ema=0.572)
Epoch  54  tr_loss=0.3828 tr_f1=0.825  vl_loss=0.5625 vl_f1=0.551 (ema=0.566)
Epoch  55  tr_loss=0.3779 tr_f1=0.836  vl_loss=0.5557 vl_f1=0.549 (ema=0.561)
Epoch  56  tr_loss=0.3995 tr_f1=0.823  vl_loss=0.4391 vl_f1=0.579 (ema=0.566)
Epoch  57  tr_loss=0.3916 tr_f1=0.817  vl_loss=0.6003 vl_f1=0.536 (ema=0.557)
Epoch  58  tr_loss=0.3812 tr_f1=0.824  vl_loss=0.4740 vl_f1=0.559 (ema=0.558)
Epoch  59  tr_loss=0.3918 tr_f1=0.822  vl_loss=0.4900 vl_f1=0.555 (ema=0.557)
Epoch  60  tr_loss=0.3881 tr_f1=0.828  vl_loss=0.5029 vl_f1=0.553 (ema=0.556)
Epoch  61  tr_loss=0.3722 tr_f1=0.831  vl_loss=0.4472 vl_f1=0.578 (ema=0.562)
Epoch  62  tr_loss=0.3624 tr_f1=0.829  vl_loss=0.5701 vl_f1=0.545 (ema=0.557)
Epoch  63  tr_loss=0.3579 tr_f1=0.838  vl_loss=0.4838 vl_f1=0.560 (ema=0.558)
Epoch  64  tr_loss=0.3782 tr_f1=0.817  vl_loss=0.5498 vl_f1=0.541 (ema=0.553)
Epoch  65  tr_loss=0.3658 tr_f1=0.832  vl_loss=0.4290 vl_f1=0.591 (ema=0.564)
Epoch  66  tr_loss=0.3651 tr_f1=0.832  vl_loss=0.5645 vl_f1=0.556 (ema=0.562)
Epoch  67  tr_loss=0.3741 tr_f1=0.834  vl_loss=0.6178 vl_f1=0.540 (ema=0.555)
Epoch  68  tr_loss=0.3641 tr_f1=0.834  vl_loss=0.4757 vl_f1=0.583 (ema=0.564)
Epoch  69  tr_loss=0.3676 tr_f1=0.831  vl_loss=0.4032 vl_f1=0.590 (ema=0.572)
Epoch  70  tr_loss=0.3517 tr_f1=0.841  vl_loss=0.4490 vl_f1=0.596 (ema=0.579)
Early stopping at epoch 70 (no improvement for 25 epochs)
History saved → /workspace/earthdata-drought-crop-forecast/CNN/model/checkpoints/history.json

=== Test-set evaluation (best checkpoint) ===
              precision    recall  f1-score   support

      normal       0.90      0.95      0.92       809
     drought       0.55      0.34      0.42       136

    accuracy                           0.87       945
   macro avg       0.72      0.65      0.67       945
weighted avg       0.85      0.87      0.85       945

