Device: cuda
Sampler — drought samples: 366  normal-only samples: 2889  drought oversample weight: 7.89x
Samples — train: 3255  val: 420  test: 945
Trainable parameters: 2,813,762
Month encoding: on
Loss: CrossEntropyLoss(label_smoothing=0.0)
Epoch   1  tr_loss=0.6776 tr_f1=0.603  vl_loss=0.8093 vl_f1=0.351 (ema=0.351)
  ✓ best model saved (ema=0.351, val_f1=0.351)
Epoch   2  tr_loss=0.6463 tr_f1=0.636  vl_loss=0.5248 vl_f1=0.562 (ema=0.414)
  ✓ best model saved (ema=0.414, val_f1=0.562)
Epoch   3  tr_loss=0.6227 tr_f1=0.667  vl_loss=0.6229 vl_f1=0.437 (ema=0.421)
  ✓ best model saved (ema=0.421, val_f1=0.437)
Epoch   4  tr_loss=0.6199 tr_f1=0.672  vl_loss=0.6232 vl_f1=0.489 (ema=0.441)
  ✓ best model saved (ema=0.441, val_f1=0.489)
Epoch   5  tr_loss=0.6017 tr_f1=0.686  vl_loss=0.5760 vl_f1=0.545 (ema=0.472)
  ✓ best model saved (ema=0.472, val_f1=0.545)
Epoch   6  tr_loss=0.5915 tr_f1=0.683  vl_loss=0.6876 vl_f1=0.460 (ema=0.469)
Epoch   7  tr_loss=0.5949 tr_f1=0.691  vl_loss=0.4998 vl_f1=0.569 (ema=0.499)
  ✓ best model saved (ema=0.499, val_f1=0.569)
Epoch   8  tr_loss=0.5730 tr_f1=0.707  vl_loss=0.7075 vl_f1=0.538 (ema=0.511)
  ✓ best model saved (ema=0.511, val_f1=0.538)
Epoch   9  tr_loss=0.5728 tr_f1=0.703  vl_loss=0.9423 vl_f1=0.448 (ema=0.492)
Epoch  10  tr_loss=0.5768 tr_f1=0.695  vl_loss=0.4064 vl_f1=0.470 (ema=0.485)
Epoch  11  tr_loss=0.5729 tr_f1=0.702  vl_loss=0.4643 vl_f1=0.587 (ema=0.516)
  ✓ best model saved (ema=0.516, val_f1=0.587)
Epoch  12  tr_loss=0.5680 tr_f1=0.709  vl_loss=0.5334 vl_f1=0.524 (ema=0.518)
  ✓ best model saved (ema=0.518, val_f1=0.524)
Epoch  13  tr_loss=0.5620 tr_f1=0.710  vl_loss=0.5344 vl_f1=0.543 (ema=0.526)
  ✓ best model saved (ema=0.526, val_f1=0.543)
Epoch  14  tr_loss=0.5572 tr_f1=0.709  vl_loss=0.5341 vl_f1=0.537 (ema=0.529)
  ✓ best model saved (ema=0.529, val_f1=0.537)
Epoch  15  tr_loss=0.5523 tr_f1=0.719  vl_loss=0.4269 vl_f1=0.604 (ema=0.552)
  ✓ best model saved (ema=0.552, val_f1=0.604)
Epoch  16  tr_loss=0.5439 tr_f1=0.729  vl_loss=0.4651 vl_f1=0.574 (ema=0.558)
  ✓ best model saved (ema=0.558, val_f1=0.574)
Epoch  17  tr_loss=0.5607 tr_f1=0.710  vl_loss=0.3952 vl_f1=0.627 (ema=0.579)
  ✓ best model saved (ema=0.579, val_f1=0.627)
Epoch  18  tr_loss=0.5427 tr_f1=0.724  vl_loss=0.5290 vl_f1=0.549 (ema=0.570)
Epoch  19  tr_loss=0.5354 tr_f1=0.732  vl_loss=0.8530 vl_f1=0.387 (ema=0.515)
Epoch  20  tr_loss=0.5482 tr_f1=0.729  vl_loss=0.4681 vl_f1=0.561 (ema=0.529)
Epoch  21  tr_loss=0.5025 tr_f1=0.743  vl_loss=0.5167 vl_f1=0.569 (ema=0.541)
Epoch  22  tr_loss=0.5441 tr_f1=0.729  vl_loss=0.5990 vl_f1=0.482 (ema=0.523)
Epoch  23  tr_loss=0.5233 tr_f1=0.738  vl_loss=0.5216 vl_f1=0.537 (ema=0.527)
Epoch  24  tr_loss=0.5269 tr_f1=0.741  vl_loss=0.6447 vl_f1=0.465 (ema=0.509)
Epoch  25  tr_loss=0.5074 tr_f1=0.751  vl_loss=0.8448 vl_f1=0.524 (ema=0.513)
Epoch  26  tr_loss=0.5367 tr_f1=0.730  vl_loss=0.4704 vl_f1=0.537 (ema=0.521)
Epoch  27  tr_loss=0.5193 tr_f1=0.732  vl_loss=0.4711 vl_f1=0.596 (ema=0.543)
Epoch  28  tr_loss=0.4682 tr_f1=0.768  vl_loss=0.5237 vl_f1=0.579 (ema=0.554)
Epoch  29  tr_loss=0.4911 tr_f1=0.754  vl_loss=0.3637 vl_f1=0.609 (ema=0.571)
Epoch  30  tr_loss=0.4986 tr_f1=0.747  vl_loss=0.5960 vl_f1=0.508 (ema=0.552)
Epoch  31  tr_loss=0.4620 tr_f1=0.771  vl_loss=0.6690 vl_f1=0.531 (ema=0.546)
Epoch  32  tr_loss=0.4791 tr_f1=0.764  vl_loss=0.4292 vl_f1=0.594 (ema=0.560)
Epoch  33  tr_loss=0.5045 tr_f1=0.748  vl_loss=0.4512 vl_f1=0.547 (ema=0.556)
Epoch  34  tr_loss=0.4951 tr_f1=0.757  vl_loss=0.5394 vl_f1=0.576 (ema=0.562)
Epoch  35  tr_loss=0.4900 tr_f1=0.750  vl_loss=0.4102 vl_f1=0.553 (ema=0.559)
Epoch  36  tr_loss=0.4977 tr_f1=0.746  vl_loss=0.4185 vl_f1=0.591 (ema=0.569)
Epoch  37  tr_loss=0.4736 tr_f1=0.768  vl_loss=0.7697 vl_f1=0.566 (ema=0.568)
Epoch  38  tr_loss=0.5117 tr_f1=0.739  vl_loss=0.4298 vl_f1=0.586 (ema=0.573)
Epoch  39  tr_loss=0.4593 tr_f1=0.775  vl_loss=0.4122 vl_f1=0.617 (ema=0.586)
  ✓ best model saved (ema=0.586, val_f1=0.617)
Epoch  40  tr_loss=0.4586 tr_f1=0.777  vl_loss=0.6532 vl_f1=0.488 (ema=0.557)
Epoch  41  tr_loss=0.4540 tr_f1=0.787  vl_loss=0.4188 vl_f1=0.594 (ema=0.568)
Epoch  42  tr_loss=0.4514 tr_f1=0.782  vl_loss=0.4561 vl_f1=0.543 (ema=0.561)
Epoch  43  tr_loss=0.4692 tr_f1=0.764  vl_loss=0.3844 vl_f1=0.632 (ema=0.582)
Epoch  44  tr_loss=0.4591 tr_f1=0.784  vl_loss=0.4424 vl_f1=0.590 (ema=0.584)
Epoch  45  tr_loss=0.4654 tr_f1=0.773  vl_loss=0.3955 vl_f1=0.626 (ema=0.597)
  ✓ best model saved (ema=0.597, val_f1=0.626)
Epoch  46  tr_loss=0.4402 tr_f1=0.787  vl_loss=0.3523 vl_f1=0.594 (ema=0.596)
Epoch  47  tr_loss=0.4423 tr_f1=0.787  vl_loss=0.6063 vl_f1=0.535 (ema=0.578)
Epoch  48  tr_loss=0.4488 tr_f1=0.784  vl_loss=0.5884 vl_f1=0.528 (ema=0.563)
Epoch  49  tr_loss=0.4470 tr_f1=0.786  vl_loss=0.4079 vl_f1=0.587 (ema=0.570)
Epoch  50  tr_loss=0.4364 tr_f1=0.792  vl_loss=0.4321 vl_f1=0.591 (ema=0.576)
Epoch  51  tr_loss=0.4389 tr_f1=0.798  vl_loss=0.3846 vl_f1=0.621 (ema=0.589)
Epoch  52  tr_loss=0.4294 tr_f1=0.789  vl_loss=0.5010 vl_f1=0.578 (ema=0.586)
Epoch  53  tr_loss=0.4342 tr_f1=0.798  vl_loss=0.3797 vl_f1=0.635 (ema=0.601)
  ✓ best model saved (ema=0.601, val_f1=0.635)
Epoch  54  tr_loss=0.4231 tr_f1=0.799  vl_loss=0.4060 vl_f1=0.593 (ema=0.598)
Epoch  55  tr_loss=0.4497 tr_f1=0.787  vl_loss=0.3593 vl_f1=0.592 (ema=0.596)
Epoch  56  tr_loss=0.4164 tr_f1=0.806  vl_loss=0.4019 vl_f1=0.618 (ema=0.603)
  ✓ best model saved (ema=0.603, val_f1=0.618)
Epoch  57  tr_loss=0.4082 tr_f1=0.804  vl_loss=0.4017 vl_f1=0.604 (ema=0.603)
  ✓ best model saved (ema=0.603, val_f1=0.604)
Epoch  58  tr_loss=0.4162 tr_f1=0.808  vl_loss=0.3429 vl_f1=0.610 (ema=0.605)
  ✓ best model saved (ema=0.605, val_f1=0.610)
Epoch  59  tr_loss=0.4087 tr_f1=0.810  vl_loss=0.4268 vl_f1=0.593 (ema=0.602)
Epoch  60  tr_loss=0.3953 tr_f1=0.821  vl_loss=0.4691 vl_f1=0.582 (ema=0.596)
Epoch  61  tr_loss=0.4007 tr_f1=0.817  vl_loss=0.3541 vl_f1=0.641 (ema=0.609)
  ✓ best model saved (ema=0.609, val_f1=0.641)
Epoch  62  tr_loss=0.4020 tr_f1=0.807  vl_loss=0.4726 vl_f1=0.577 (ema=0.600)
Epoch  63  tr_loss=0.4023 tr_f1=0.818  vl_loss=0.3420 vl_f1=0.603 (ema=0.601)
Epoch  64  tr_loss=0.3931 tr_f1=0.828  vl_loss=0.4872 vl_f1=0.583 (ema=0.595)
Epoch  65  tr_loss=0.3954 tr_f1=0.828  vl_loss=0.3419 vl_f1=0.668 (ema=0.617)
  ✓ best model saved (ema=0.617, val_f1=0.668)
Epoch  66  tr_loss=0.4007 tr_f1=0.817  vl_loss=0.3654 vl_f1=0.636 (ema=0.623)
  ✓ best model saved (ema=0.623, val_f1=0.636)
Epoch  67  tr_loss=0.3900 tr_f1=0.830  vl_loss=0.3485 vl_f1=0.616 (ema=0.621)
Epoch  68  tr_loss=0.3960 tr_f1=0.815  vl_loss=0.5415 vl_f1=0.552 (ema=0.600)
Epoch  69  tr_loss=0.3952 tr_f1=0.824  vl_loss=0.4203 vl_f1=0.589 (ema=0.597)
Epoch  70  tr_loss=0.3776 tr_f1=0.835  vl_loss=0.7108 vl_f1=0.517 (ema=0.573)
Epoch  71  tr_loss=0.3966 tr_f1=0.825  vl_loss=0.3918 vl_f1=0.604 (ema=0.582)
Epoch  72  tr_loss=0.3944 tr_f1=0.827  vl_loss=0.5522 vl_f1=0.570 (ema=0.578)
Epoch  73  tr_loss=0.3949 tr_f1=0.824  vl_loss=0.4092 vl_f1=0.608 (ema=0.587)
Epoch  74  tr_loss=0.3758 tr_f1=0.839  vl_loss=0.3432 vl_f1=0.618 (ema=0.597)
Epoch  75  tr_loss=0.3724 tr_f1=0.834  vl_loss=0.3819 vl_f1=0.602 (ema=0.598)
Epoch  76  tr_loss=0.3654 tr_f1=0.842  vl_loss=0.4180 vl_f1=0.602 (ema=0.599)
Epoch  77  tr_loss=0.3719 tr_f1=0.837  vl_loss=0.4197 vl_f1=0.632 (ema=0.609)
Epoch  78  tr_loss=0.3688 tr_f1=0.848  vl_loss=0.3805 vl_f1=0.616 (ema=0.611)
Epoch  79  tr_loss=0.3814 tr_f1=0.830  vl_loss=0.4737 vl_f1=0.568 (ema=0.598)
Epoch  80  tr_loss=0.3627 tr_f1=0.850  vl_loss=0.4471 vl_f1=0.594 (ema=0.597)
Epoch  81  tr_loss=0.3591 tr_f1=0.850  vl_loss=0.3231 vl_f1=0.586 (ema=0.593)
Epoch  82  tr_loss=0.3543 tr_f1=0.849  vl_loss=0.3590 vl_f1=0.644 (ema=0.609)
Epoch  83  tr_loss=0.3727 tr_f1=0.844  vl_loss=0.4247 vl_f1=0.606 (ema=0.608)
Epoch  84  tr_loss=0.3551 tr_f1=0.852  vl_loss=0.3304 vl_f1=0.605 (ema=0.607)
Epoch  85  tr_loss=0.3689 tr_f1=0.845  vl_loss=0.3300 vl_f1=0.635 (ema=0.615)
Epoch  86  tr_loss=0.3665 tr_f1=0.849  vl_loss=0.4168 vl_f1=0.627 (ema=0.619)
Epoch  87  tr_loss=0.3623 tr_f1=0.855  vl_loss=0.3848 vl_f1=0.623 (ema=0.620)
Epoch  88  tr_loss=0.3699 tr_f1=0.847  vl_loss=0.4374 vl_f1=0.604 (ema=0.615)
Epoch  89  tr_loss=0.3525 tr_f1=0.858  vl_loss=0.3844 vl_f1=0.638 (ema=0.622)
Epoch  90  tr_loss=0.3428 tr_f1=0.865  vl_loss=0.3673 vl_f1=0.613 (ema=0.619)
Epoch  91  tr_loss=0.3342 tr_f1=0.879  vl_loss=0.3726 vl_f1=0.631 (ema=0.623)
  ✓ best model saved (ema=0.623, val_f1=0.631)
Epoch  92  tr_loss=0.3427 tr_f1=0.868  vl_loss=0.3503 vl_f1=0.643 (ema=0.629)
  ✓ best model saved (ema=0.629, val_f1=0.643)
Epoch  93  tr_loss=0.3323 tr_f1=0.873  vl_loss=0.4534 vl_f1=0.591 (ema=0.617)
Epoch  94  tr_loss=0.3468 tr_f1=0.865  vl_loss=0.3777 vl_f1=0.631 (ema=0.622)
Epoch  95  tr_loss=0.3434 tr_f1=0.868  vl_loss=0.3468 vl_f1=0.657 (ema=0.632)
  ✓ best model saved (ema=0.632, val_f1=0.657)
Epoch  96  tr_loss=0.3333 tr_f1=0.874  vl_loss=0.3733 vl_f1=0.622 (ema=0.629)
Epoch  97  tr_loss=0.3273 tr_f1=0.873  vl_loss=0.4899 vl_f1=0.591 (ema=0.618)
Epoch  98  tr_loss=0.3398 tr_f1=0.871  vl_loss=0.3733 vl_f1=0.610 (ema=0.615)
Epoch  99  tr_loss=0.3390 tr_f1=0.872  vl_loss=0.3409 vl_f1=0.624 (ema=0.618)
Epoch 100  tr_loss=0.3364 tr_f1=0.871  vl_loss=0.4129 vl_f1=0.619 (ema=0.618)
Epoch 101  tr_loss=0.3245 tr_f1=0.883  vl_loss=0.3944 vl_f1=0.636 (ema=0.624)
Epoch 102  tr_loss=0.3260 tr_f1=0.878  vl_loss=0.3749 vl_f1=0.625 (ema=0.624)
Epoch 103  tr_loss=0.3280 tr_f1=0.880  vl_loss=0.3850 vl_f1=0.649 (ema=0.631)
Epoch 104  tr_loss=0.3426 tr_f1=0.868  vl_loss=0.3555 vl_f1=0.616 (ema=0.627)
Epoch 105  tr_loss=0.3359 tr_f1=0.873  vl_loss=0.4033 vl_f1=0.632 (ema=0.628)
Epoch 106  tr_loss=0.3296 tr_f1=0.880  vl_loss=0.3559 vl_f1=0.643 (ema=0.633)
  ✓ best model saved (ema=0.633, val_f1=0.643)
Epoch 107  tr_loss=0.3216 tr_f1=0.884  vl_loss=0.3512 vl_f1=0.628 (ema=0.631)
Epoch 108  tr_loss=0.3178 tr_f1=0.891  vl_loss=0.4397 vl_f1=0.612 (ema=0.626)
Epoch 109  tr_loss=0.3255 tr_f1=0.883  vl_loss=0.3848 vl_f1=0.636 (ema=0.629)
Epoch 110  tr_loss=0.3255 tr_f1=0.878  vl_loss=0.3828 vl_f1=0.640 (ema=0.632)
Epoch 111  tr_loss=0.3122 tr_f1=0.887  vl_loss=0.4022 vl_f1=0.644 (ema=0.636)
  ✓ best model saved (ema=0.636, val_f1=0.644)
Epoch 112  tr_loss=0.3202 tr_f1=0.884  vl_loss=0.3750 vl_f1=0.645 (ema=0.638)
  ✓ best model saved (ema=0.638, val_f1=0.645)
Epoch 113  tr_loss=0.3206 tr_f1=0.889  vl_loss=0.4128 vl_f1=0.623 (ema=0.634)
Epoch 114  tr_loss=0.3145 tr_f1=0.889  vl_loss=0.4193 vl_f1=0.625 (ema=0.631)
Epoch 115  tr_loss=0.3146 tr_f1=0.895  vl_loss=0.3539 vl_f1=0.635 (ema=0.632)
Epoch 116  tr_loss=0.3255 tr_f1=0.883  vl_loss=0.4016 vl_f1=0.633 (ema=0.633)
Epoch 117  tr_loss=0.3178 tr_f1=0.889  vl_loss=0.3940 vl_f1=0.662 (ema=0.641)
  ✓ best model saved (ema=0.641, val_f1=0.662)
Epoch 118  tr_loss=0.3185 tr_f1=0.884  vl_loss=0.4173 vl_f1=0.644 (ema=0.642)
  ✓ best model saved (ema=0.642, val_f1=0.644)
Epoch 119  tr_loss=0.3085 tr_f1=0.893  vl_loss=0.3833 vl_f1=0.623 (ema=0.636)
Epoch 120  tr_loss=0.3135 tr_f1=0.895  vl_loss=0.3841 vl_f1=0.622 (ema=0.632)
Epoch 121  tr_loss=0.3116 tr_f1=0.897  vl_loss=0.4045 vl_f1=0.631 (ema=0.632)
Epoch 122  tr_loss=0.3010 tr_f1=0.900  vl_loss=0.3776 vl_f1=0.622 (ema=0.629)
Epoch 123  tr_loss=0.3142 tr_f1=0.892  vl_loss=0.3707 vl_f1=0.627 (ema=0.628)
Epoch 124  tr_loss=0.3085 tr_f1=0.891  vl_loss=0.3863 vl_f1=0.631 (ema=0.629)
Epoch 125  tr_loss=0.3137 tr_f1=0.895  vl_loss=0.3405 vl_f1=0.628 (ema=0.629)
Epoch 126  tr_loss=0.3096 tr_f1=0.895  vl_loss=0.3837 vl_f1=0.627 (ema=0.628)
Epoch 127  tr_loss=0.3214 tr_f1=0.887  vl_loss=0.3725 vl_f1=0.645 (ema=0.633)
Epoch 128  tr_loss=0.3285 tr_f1=0.878  vl_loss=0.3513 vl_f1=0.636 (ema=0.634)
Epoch 129  tr_loss=0.3130 tr_f1=0.892  vl_loss=0.4000 vl_f1=0.634 (ema=0.634)
Epoch 130  tr_loss=0.3145 tr_f1=0.891  vl_loss=0.3462 vl_f1=0.629 (ema=0.632)
Epoch 131  tr_loss=0.3054 tr_f1=0.893  vl_loss=0.3890 vl_f1=0.640 (ema=0.635)
Epoch 132  tr_loss=0.3134 tr_f1=0.895  vl_loss=0.4032 vl_f1=0.631 (ema=0.634)
Epoch 133  tr_loss=0.3097 tr_f1=0.892  vl_loss=0.3924 vl_f1=0.629 (ema=0.632)
Epoch 134  tr_loss=0.3177 tr_f1=0.888  vl_loss=0.3716 vl_f1=0.631 (ema=0.632)
Epoch 135  tr_loss=0.3154 tr_f1=0.893  vl_loss=0.3881 vl_f1=0.631 (ema=0.632)
Epoch 136  tr_loss=0.3144 tr_f1=0.889  vl_loss=0.3909 vl_f1=0.627 (ema=0.630)
Epoch 137  tr_loss=0.3180 tr_f1=0.888  vl_loss=0.3700 vl_f1=0.633 (ema=0.631)
Epoch 138  tr_loss=0.3116 tr_f1=0.898  vl_loss=0.3965 vl_f1=0.632 (ema=0.631)
Epoch 139  tr_loss=0.2998 tr_f1=0.907  vl_loss=0.3722 vl_f1=0.634 (ema=0.632)
Epoch 140  tr_loss=0.3044 tr_f1=0.900  vl_loss=0.3686 vl_f1=0.624 (ema=0.630)
Epoch 141  tr_loss=0.3092 tr_f1=0.892  vl_loss=0.3849 vl_f1=0.625 (ema=0.628)
Epoch 142  tr_loss=0.3186 tr_f1=0.888  vl_loss=0.4003 vl_f1=0.625 (ema=0.627)
Epoch 143  tr_loss=0.3210 tr_f1=0.890  vl_loss=0.3772 vl_f1=0.638 (ema=0.631)
Early stopping at epoch 143 (no improvement for 25 epochs)
History saved → /workspace/earthdata-drought-crop-forecast/CNN/model/checkpoints/history.json

=== Test-set evaluation (best checkpoint) ===
              precision    recall  f1-score   support

      normal       0.92      0.84      0.88       809
     drought       0.38      0.57      0.46       136

    accuracy                           0.80       945
   macro avg       0.65      0.71      0.67       945
weighted avg       0.84      0.80      0.82       945

