Device: cuda
Sampler — drought samples: 366  normal-only samples: 2889  drought oversample weight: 7.89x
Samples — train: 3255  val: 420  test: 945
Trainable parameters: 2,813,762
Month encoding: on
Loss: CrossEntropyLoss(label_smoothing=0.0)
Epoch   1  tr_loss=0.6700 tr_f1=0.610  vl_loss=0.7056 vl_f1=0.443 (ema=0.443)
  ✓ best model saved (ema=0.443, val_f1=0.443)
Epoch   2  tr_loss=0.6318 tr_f1=0.646  vl_loss=0.6804 vl_f1=0.497 (ema=0.459)
  ✓ best model saved (ema=0.459, val_f1=0.497)
Epoch   3  tr_loss=0.6163 tr_f1=0.666  vl_loss=0.5641 vl_f1=0.546 (ema=0.485)
  ✓ best model saved (ema=0.485, val_f1=0.546)
Epoch   4  tr_loss=0.5946 tr_f1=0.700  vl_loss=0.4861 vl_f1=0.560 (ema=0.508)
  ✓ best model saved (ema=0.508, val_f1=0.560)
Epoch   5  tr_loss=0.5869 tr_f1=0.693  vl_loss=0.6785 vl_f1=0.467 (ema=0.496)
Epoch   6  tr_loss=0.5884 tr_f1=0.695  vl_loss=0.6328 vl_f1=0.471 (ema=0.488)
Epoch   7  tr_loss=0.5770 tr_f1=0.701  vl_loss=0.5161 vl_f1=0.518 (ema=0.497)
Epoch   8  tr_loss=0.5710 tr_f1=0.703  vl_loss=0.5887 vl_f1=0.523 (ema=0.505)
Epoch   9  tr_loss=0.5607 tr_f1=0.716  vl_loss=0.6197 vl_f1=0.486 (ema=0.499)
Epoch  10  tr_loss=0.5521 tr_f1=0.716  vl_loss=0.4323 vl_f1=0.591 (ema=0.527)
  ✓ best model saved (ema=0.527, val_f1=0.591)
Epoch  11  tr_loss=0.5489 tr_f1=0.720  vl_loss=0.5720 vl_f1=0.555 (ema=0.535)
  ✓ best model saved (ema=0.535, val_f1=0.555)
Epoch  12  tr_loss=0.5635 tr_f1=0.716  vl_loss=0.4673 vl_f1=0.570 (ema=0.546)
  ✓ best model saved (ema=0.546, val_f1=0.570)
Epoch  13  tr_loss=0.5606 tr_f1=0.713  vl_loss=0.4851 vl_f1=0.537 (ema=0.543)
Epoch  14  tr_loss=0.5627 tr_f1=0.716  vl_loss=0.5541 vl_f1=0.532 (ema=0.540)
Epoch  15  tr_loss=0.5303 tr_f1=0.737  vl_loss=0.4110 vl_f1=0.569 (ema=0.549)
  ✓ best model saved (ema=0.549, val_f1=0.569)
Epoch  16  tr_loss=0.5291 tr_f1=0.729  vl_loss=0.8279 vl_f1=0.493 (ema=0.532)
Epoch  17  tr_loss=0.5520 tr_f1=0.720  vl_loss=0.4402 vl_f1=0.538 (ema=0.534)
Epoch  18  tr_loss=0.5244 tr_f1=0.738  vl_loss=0.6915 vl_f1=0.467 (ema=0.514)
Epoch  19  tr_loss=0.5322 tr_f1=0.738  vl_loss=0.3488 vl_f1=0.572 (ema=0.531)
Epoch  20  tr_loss=0.5414 tr_f1=0.726  vl_loss=0.5003 vl_f1=0.536 (ema=0.533)
Epoch  21  tr_loss=0.5331 tr_f1=0.723  vl_loss=0.3733 vl_f1=0.612 (ema=0.557)
  ✓ best model saved (ema=0.557, val_f1=0.612)
Epoch  22  tr_loss=0.5292 tr_f1=0.738  vl_loss=0.5616 vl_f1=0.588 (ema=0.566)
  ✓ best model saved (ema=0.566, val_f1=0.588)
Epoch  23  tr_loss=0.5249 tr_f1=0.749  vl_loss=0.6159 vl_f1=0.509 (ema=0.549)
Epoch  24  tr_loss=0.5361 tr_f1=0.735  vl_loss=0.7853 vl_f1=0.451 (ema=0.520)
Epoch  25  tr_loss=0.5391 tr_f1=0.732  vl_loss=0.5056 vl_f1=0.559 (ema=0.531)
Epoch  26  tr_loss=0.5272 tr_f1=0.739  vl_loss=0.5977 vl_f1=0.518 (ema=0.528)
Epoch  27  tr_loss=0.5256 tr_f1=0.728  vl_loss=0.6668 vl_f1=0.496 (ema=0.518)
Epoch  28  tr_loss=0.5112 tr_f1=0.745  vl_loss=0.4395 vl_f1=0.574 (ema=0.535)
Epoch  29  tr_loss=0.4957 tr_f1=0.752  vl_loss=0.4639 vl_f1=0.610 (ema=0.557)
Epoch  30  tr_loss=0.4899 tr_f1=0.766  vl_loss=0.4462 vl_f1=0.583 (ema=0.565)
Epoch  31  tr_loss=0.4946 tr_f1=0.764  vl_loss=0.3485 vl_f1=0.580 (ema=0.569)
  ✓ best model saved (ema=0.569, val_f1=0.580)
Epoch  32  tr_loss=0.4777 tr_f1=0.774  vl_loss=0.4977 vl_f1=0.564 (ema=0.568)
Epoch  33  tr_loss=0.4760 tr_f1=0.769  vl_loss=0.4546 vl_f1=0.580 (ema=0.571)
  ✓ best model saved (ema=0.571, val_f1=0.580)
Epoch  34  tr_loss=0.4776 tr_f1=0.776  vl_loss=0.5360 vl_f1=0.601 (ema=0.580)
  ✓ best model saved (ema=0.580, val_f1=0.601)
Epoch  35  tr_loss=0.4790 tr_f1=0.769  vl_loss=0.6357 vl_f1=0.557 (ema=0.573)
Epoch  36  tr_loss=0.4698 tr_f1=0.773  vl_loss=0.4272 vl_f1=0.614 (ema=0.586)
  ✓ best model saved (ema=0.586, val_f1=0.614)
Epoch  37  tr_loss=0.4783 tr_f1=0.771  vl_loss=0.5100 vl_f1=0.583 (ema=0.585)
Epoch  38  tr_loss=0.4575 tr_f1=0.787  vl_loss=0.5735 vl_f1=0.526 (ema=0.567)
Epoch  39  tr_loss=0.4743 tr_f1=0.773  vl_loss=0.3597 vl_f1=0.629 (ema=0.586)
  ✓ best model saved (ema=0.586, val_f1=0.629)
Epoch  40  tr_loss=0.4593 tr_f1=0.788  vl_loss=0.6098 vl_f1=0.521 (ema=0.566)
Epoch  41  tr_loss=0.4396 tr_f1=0.796  vl_loss=0.3542 vl_f1=0.656 (ema=0.593)
  ✓ best model saved (ema=0.593, val_f1=0.656)
Epoch  42  tr_loss=0.4302 tr_f1=0.802  vl_loss=0.5942 vl_f1=0.585 (ema=0.591)
Epoch  43  tr_loss=0.4383 tr_f1=0.794  vl_loss=0.3226 vl_f1=0.542 (ema=0.576)
Epoch  44  tr_loss=0.4215 tr_f1=0.808  vl_loss=0.4375 vl_f1=0.593 (ema=0.581)
Epoch  45  tr_loss=0.4417 tr_f1=0.796  vl_loss=0.5359 vl_f1=0.572 (ema=0.579)
Epoch  46  tr_loss=0.4329 tr_f1=0.795  vl_loss=0.6551 vl_f1=0.536 (ema=0.566)
Epoch  47  tr_loss=0.4233 tr_f1=0.807  vl_loss=0.7599 vl_f1=0.556 (ema=0.563)
Epoch  48  tr_loss=0.4442 tr_f1=0.789  vl_loss=0.4017 vl_f1=0.587 (ema=0.570)
Epoch  49  tr_loss=0.4304 tr_f1=0.799  vl_loss=0.5472 vl_f1=0.569 (ema=0.570)
Epoch  50  tr_loss=0.4161 tr_f1=0.812  vl_loss=0.5035 vl_f1=0.572 (ema=0.570)
Epoch  51  tr_loss=0.4114 tr_f1=0.816  vl_loss=0.4395 vl_f1=0.612 (ema=0.583)
Epoch  52  tr_loss=0.4183 tr_f1=0.819  vl_loss=0.5404 vl_f1=0.551 (ema=0.573)
Epoch  53  tr_loss=0.4035 tr_f1=0.819  vl_loss=0.4483 vl_f1=0.619 (ema=0.587)
Epoch  54  tr_loss=0.3862 tr_f1=0.828  vl_loss=0.6459 vl_f1=0.551 (ema=0.576)
Epoch  55  tr_loss=0.3973 tr_f1=0.826  vl_loss=0.5917 vl_f1=0.568 (ema=0.574)
Epoch  56  tr_loss=0.4040 tr_f1=0.815  vl_loss=0.7158 vl_f1=0.549 (ema=0.566)
Epoch  57  tr_loss=0.3857 tr_f1=0.827  vl_loss=0.4332 vl_f1=0.604 (ema=0.577)
Epoch  58  tr_loss=0.4096 tr_f1=0.808  vl_loss=0.5742 vl_f1=0.574 (ema=0.576)
Epoch  59  tr_loss=0.3882 tr_f1=0.825  vl_loss=0.3544 vl_f1=0.631 (ema=0.593)
Epoch  60  tr_loss=0.3881 tr_f1=0.828  vl_loss=0.4869 vl_f1=0.595 (ema=0.593)
  ✓ best model saved (ema=0.593, val_f1=0.595)
Epoch  61  tr_loss=0.3824 tr_f1=0.840  vl_loss=0.2742 vl_f1=0.522 (ema=0.572)
Epoch  62  tr_loss=0.3933 tr_f1=0.826  vl_loss=0.2966 vl_f1=0.585 (ema=0.576)
Epoch  63  tr_loss=0.3761 tr_f1=0.837  vl_loss=0.4221 vl_f1=0.634 (ema=0.593)
Epoch  64  tr_loss=0.3762 tr_f1=0.832  vl_loss=0.3794 vl_f1=0.625 (ema=0.603)
  ✓ best model saved (ema=0.603, val_f1=0.625)
Epoch  65  tr_loss=0.3762 tr_f1=0.838  vl_loss=0.3681 vl_f1=0.650 (ema=0.617)
  ✓ best model saved (ema=0.617, val_f1=0.650)
Epoch  66  tr_loss=0.3941 tr_f1=0.829  vl_loss=0.4248 vl_f1=0.620 (ema=0.618)
  ✓ best model saved (ema=0.618, val_f1=0.620)
Epoch  67  tr_loss=0.3769 tr_f1=0.834  vl_loss=0.3810 vl_f1=0.598 (ema=0.612)
Epoch  68  tr_loss=0.3854 tr_f1=0.825  vl_loss=0.3560 vl_f1=0.614 (ema=0.613)
Epoch  69  tr_loss=0.3747 tr_f1=0.843  vl_loss=0.3319 vl_f1=0.563 (ema=0.598)
Epoch  70  tr_loss=0.3843 tr_f1=0.829  vl_loss=0.4074 vl_f1=0.639 (ema=0.610)
Epoch  71  tr_loss=0.3500 tr_f1=0.856  vl_loss=0.5136 vl_f1=0.616 (ema=0.612)
Epoch  72  tr_loss=0.3673 tr_f1=0.834  vl_loss=0.5569 vl_f1=0.591 (ema=0.606)
Epoch  73  tr_loss=0.3766 tr_f1=0.840  vl_loss=0.3365 vl_f1=0.624 (ema=0.611)
Epoch  74  tr_loss=0.3477 tr_f1=0.854  vl_loss=0.3140 vl_f1=0.643 (ema=0.621)
  ✓ best model saved (ema=0.621, val_f1=0.643)
Epoch  75  tr_loss=0.3610 tr_f1=0.854  vl_loss=0.4363 vl_f1=0.645 (ema=0.628)
  ✓ best model saved (ema=0.628, val_f1=0.645)
Epoch  76  tr_loss=0.3587 tr_f1=0.851  vl_loss=0.3330 vl_f1=0.625 (ema=0.627)
Epoch  77  tr_loss=0.3539 tr_f1=0.857  vl_loss=0.3486 vl_f1=0.621 (ema=0.625)
Epoch  78  tr_loss=0.3543 tr_f1=0.851  vl_loss=0.3306 vl_f1=0.622 (ema=0.624)
Epoch  79  tr_loss=0.3561 tr_f1=0.847  vl_loss=0.5285 vl_f1=0.605 (ema=0.618)
Epoch  80  tr_loss=0.3445 tr_f1=0.857  vl_loss=0.5832 vl_f1=0.587 (ema=0.609)
Epoch  81  tr_loss=0.3453 tr_f1=0.870  vl_loss=0.4059 vl_f1=0.641 (ema=0.618)
Epoch  82  tr_loss=0.3455 tr_f1=0.861  vl_loss=0.2944 vl_f1=0.600 (ema=0.613)
Epoch  83  tr_loss=0.3353 tr_f1=0.866  vl_loss=0.3604 vl_f1=0.632 (ema=0.618)
Epoch  84  tr_loss=0.3436 tr_f1=0.862  vl_loss=0.3723 vl_f1=0.631 (ema=0.622)
Epoch  85  tr_loss=0.3427 tr_f1=0.861  vl_loss=0.4239 vl_f1=0.613 (ema=0.620)
Epoch  86  tr_loss=0.3419 tr_f1=0.861  vl_loss=0.3772 vl_f1=0.621 (ema=0.620)
Epoch  87  tr_loss=0.3326 tr_f1=0.870  vl_loss=0.5807 vl_f1=0.588 (ema=0.610)
Epoch  88  tr_loss=0.3445 tr_f1=0.867  vl_loss=0.4469 vl_f1=0.614 (ema=0.611)
Epoch  89  tr_loss=0.3179 tr_f1=0.882  vl_loss=0.4694 vl_f1=0.619 (ema=0.614)
Epoch  90  tr_loss=0.3320 tr_f1=0.864  vl_loss=0.3945 vl_f1=0.620 (ema=0.616)
Epoch  91  tr_loss=0.3314 tr_f1=0.875  vl_loss=0.4130 vl_f1=0.622 (ema=0.618)
Epoch  92  tr_loss=0.3405 tr_f1=0.867  vl_loss=0.4663 vl_f1=0.607 (ema=0.614)
Epoch  93  tr_loss=0.3397 tr_f1=0.864  vl_loss=0.5920 vl_f1=0.576 (ema=0.603)
Epoch  94  tr_loss=0.3218 tr_f1=0.878  vl_loss=0.3215 vl_f1=0.632 (ema=0.612)
Epoch  95  tr_loss=0.3349 tr_f1=0.869  vl_loss=0.3534 vl_f1=0.645 (ema=0.622)
Epoch  96  tr_loss=0.3264 tr_f1=0.875  vl_loss=0.3751 vl_f1=0.629 (ema=0.624)
Epoch  97  tr_loss=0.3194 tr_f1=0.881  vl_loss=0.3882 vl_f1=0.602 (ema=0.617)
Epoch  98  tr_loss=0.3357 tr_f1=0.870  vl_loss=0.4014 vl_f1=0.621 (ema=0.618)
Epoch  99  tr_loss=0.3363 tr_f1=0.864  vl_loss=0.3841 vl_f1=0.608 (ema=0.615)
Epoch 100  tr_loss=0.3181 tr_f1=0.884  vl_loss=0.3569 vl_f1=0.636 (ema=0.622)
Early stopping at epoch 100 (no improvement for 25 epochs)
History saved → /workspace/earthdata-drought-crop-forecast/CNN/model/checkpoints/history.json

=== Test-set evaluation (best checkpoint) ===
              precision    recall  f1-score   support

      normal       0.92      0.80      0.86       809
     drought       0.33      0.59      0.42       136

    accuracy                           0.77       945
   macro avg       0.63      0.69      0.64       945
weighted avg       0.84      0.77      0.79       945

